Archive member included because of file (symbol)

c:/altera/13.0sp1/nios2eds/bin/gnu/h-i686-mingw32/bin/../lib/gcc/nios2-elf/4.1.2/../../../../nios2-elf/lib/mno-hw-mul\libsmallc.a(lib_a-puts.o)
                              obj/default/source.o (puts)
c:/altera/13.0sp1/nios2eds/bin/gnu/h-i686-mingw32/bin/../lib/gcc/nios2-elf/4.1.2/../../../../nios2-elf/lib/mno-hw-mul\libsmallc.a(lib_a-strlen.o)
                              c:/altera/13.0sp1/nios2eds/bin/gnu/h-i686-mingw32/bin/../lib/gcc/nios2-elf/4.1.2/../../../../nios2-elf/lib/mno-hw-mul\libsmallc.a(lib_a-puts.o) (strlen)
c:/altera/13.0sp1/nios2eds/bin/gnu/h-i686-mingw32/bin/../lib/gcc/nios2-elf/4.1.2/../../../../nios2-elf/lib/mno-hw-mul\libsmallc.a(lib_a-fvwrite_small_dev.o)
                              c:/altera/13.0sp1/nios2eds/bin/gnu/h-i686-mingw32/bin/../lib/gcc/nios2-elf/4.1.2/../../../../nios2-elf/lib/mno-hw-mul\libsmallc.a(lib_a-puts.o) (__sfvwrite_small_dev)
c:/altera/13.0sp1/nios2eds/bin/gnu/h-i686-mingw32/bin/../lib/gcc/nios2-elf/4.1.2/../../../../nios2-elf/lib/mno-hw-mul\libsmallc.a(lib_a-impure.o)
                              c:/altera/13.0sp1/nios2eds/bin/gnu/h-i686-mingw32/bin/../lib/gcc/nios2-elf/4.1.2/../../../../nios2-elf/lib/mno-hw-mul\libsmallc.a(lib_a-puts.o) (_impure_ptr)
c:/altera/13.0sp1/nios2eds/bin/gnu/h-i686-mingw32/bin/../lib/gcc/nios2-elf/4.1.2/../../../../nios2-elf/lib/mno-hw-mul\libsmallc.a(lib_a-writer.o)
                              c:/altera/13.0sp1/nios2eds/bin/gnu/h-i686-mingw32/bin/../lib/gcc/nios2-elf/4.1.2/../../../../nios2-elf/lib/mno-hw-mul\libsmallc.a(lib_a-fvwrite_small_dev.o) (_write_r)
c:/altera/13.0sp1/nios2eds/bin/gnu/h-i686-mingw32/bin/../lib/gcc/nios2-elf/4.1.2/../../../../nios2-elf/lib/mno-hw-mul\libsmallc.a(lib_a-int_errno.o)
                              c:/altera/13.0sp1/nios2eds/bin/gnu/h-i686-mingw32/bin/../lib/gcc/nios2-elf/4.1.2/../../../../nios2-elf/lib/mno-hw-mul\libsmallc.a(lib_a-writer.o) (errno)
../matrix_bsp/\libhal_bsp.a(alt_load.o)
                              ../matrix_bsp//obj/HAL/src/crt0.o (alt_load)
../matrix_bsp/\libhal_bsp.a(alt_main.o)
                              ../matrix_bsp//obj/HAL/src/crt0.o (alt_main)
../matrix_bsp/\libhal_bsp.a(alt_write.o)
                              c:/altera/13.0sp1/nios2eds/bin/gnu/h-i686-mingw32/bin/../lib/gcc/nios2-elf/4.1.2/../../../../nios2-elf/lib/mno-hw-mul\libsmallc.a(lib_a-writer.o) (write)
../matrix_bsp/\libhal_bsp.a(alt_sys_init.o)
                              ../matrix_bsp/\libhal_bsp.a(alt_main.o) (alt_irq_init)
../matrix_bsp/\libhal_bsp.a(altera_avalon_jtag_uart_fd.o)
                              ../matrix_bsp/\libhal_bsp.a(alt_sys_init.o) (altera_avalon_jtag_uart_read_fd)
../matrix_bsp/\libhal_bsp.a(altera_avalon_jtag_uart_read.o)
                              ../matrix_bsp/\libhal_bsp.a(altera_avalon_jtag_uart_fd.o) (altera_avalon_jtag_uart_read)
../matrix_bsp/\libhal_bsp.a(altera_avalon_jtag_uart_write.o)
                              ../matrix_bsp/\libhal_bsp.a(altera_avalon_jtag_uart_fd.o) (altera_avalon_jtag_uart_write)
../matrix_bsp/\libhal_bsp.a(altera_avalon_timer_sc.o)
                              ../matrix_bsp/\libhal_bsp.a(alt_sys_init.o) (alt_avalon_timer_sc_init)
../matrix_bsp/\libhal_bsp.a(alt_close.o)
                              ../matrix_bsp/\libhal_bsp.a(alt_main.o) (close)
../matrix_bsp/\libhal_bsp.a(alt_dcache_flush_all.o)
                              ../matrix_bsp/\libhal_bsp.a(alt_load.o) (alt_dcache_flush_all)
../matrix_bsp/\libhal_bsp.a(alt_dev.o)
                              ../matrix_bsp/\libhal_bsp.a(alt_sys_init.o) (alt_dev_list)
../matrix_bsp/\libhal_bsp.a(alt_dev_llist_insert.o)
                              ../matrix_bsp/\libhal_bsp.a(alt_sys_init.o) (alt_dev_llist_insert)
../matrix_bsp/\libhal_bsp.a(alt_do_ctors.o)
                              ../matrix_bsp/\libhal_bsp.a(alt_main.o) (_do_ctors)
../matrix_bsp/\libhal_bsp.a(alt_do_dtors.o)
                              ../matrix_bsp/\libhal_bsp.a(alt_main.o) (_do_dtors)
../matrix_bsp/\libhal_bsp.a(alt_errno.o)
                              ../matrix_bsp/\libhal_bsp.a(alt_write.o) (alt_errno)
../matrix_bsp/\libhal_bsp.a(alt_icache_flush_all.o)
                              ../matrix_bsp/\libhal_bsp.a(alt_load.o) (alt_icache_flush_all)
../matrix_bsp/\libhal_bsp.a(alt_iic.o)
                              ../matrix_bsp/\libhal_bsp.a(altera_avalon_timer_sc.o) (alt_ic_isr_register)
../matrix_bsp/\libhal_bsp.a(alt_iic_isr_register.o)
                              ../matrix_bsp/\libhal_bsp.a(alt_iic.o) (alt_iic_isr_register)
../matrix_bsp/\libhal_bsp.a(alt_io_redirect.o)
                              ../matrix_bsp/\libhal_bsp.a(alt_main.o) (alt_io_redirect)
../matrix_bsp/\libhal_bsp.a(alt_irq_entry.o)
                              ../matrix_bsp/\libhal_bsp.a(alt_iic_isr_register.o) (alt_irq_entry)
../matrix_bsp/\libhal_bsp.a(alt_irq_handler.o)
                              ../matrix_bsp/\libhal_bsp.a(alt_iic_isr_register.o) (alt_irq_handler)
../matrix_bsp/\libhal_bsp.a(alt_irq_vars.o)
                              ../matrix_bsp/\libhal_bsp.a(alt_iic.o) (alt_irq_active)
../matrix_bsp/\libhal_bsp.a(alt_open.o)
                              ../matrix_bsp/\libhal_bsp.a(alt_io_redirect.o) (open)
../matrix_bsp/\libhal_bsp.a(alt_release_fd.o)
                              ../matrix_bsp/\libhal_bsp.a(alt_close.o) (alt_release_fd)
../matrix_bsp/\libhal_bsp.a(alt_tick.o)
                              ../matrix_bsp/\libhal_bsp.a(altera_avalon_timer_sc.o) (_alt_tick_rate)
../matrix_bsp/\libhal_bsp.a(altera_nios2_qsys_irq.o)
                              ../matrix_bsp/\libhal_bsp.a(alt_sys_init.o) (altera_nios2_qsys_irq_init)
../matrix_bsp/\libhal_bsp.a(alt_exception_entry.o)
                              ../matrix_bsp/\libhal_bsp.a(alt_irq_entry.o) (alt_exception)
../matrix_bsp/\libhal_bsp.a(alt_find_dev.o)
                              ../matrix_bsp/\libhal_bsp.a(alt_open.o) (alt_find_dev)
../matrix_bsp/\libhal_bsp.a(alt_find_file.o)
                              ../matrix_bsp/\libhal_bsp.a(alt_open.o) (alt_find_file)
../matrix_bsp/\libhal_bsp.a(alt_get_fd.o)
                              ../matrix_bsp/\libhal_bsp.a(alt_open.o) (alt_get_fd)
c:/altera/13.0sp1/nios2eds/bin/gnu/h-i686-mingw32/bin/../lib/gcc/nios2-elf/4.1.2/../../../../nios2-elf/lib/mno-hw-mul\libsmallc.a(lib_a-atexit.o)
                              ../matrix_bsp/\libhal_bsp.a(alt_main.o) (atexit)
c:/altera/13.0sp1/nios2eds/bin/gnu/h-i686-mingw32/bin/../lib/gcc/nios2-elf/4.1.2/../../../../nios2-elf/lib/mno-hw-mul\libsmallc.a(lib_a-exit.o)
                              ../matrix_bsp/\libhal_bsp.a(alt_main.o) (exit)
c:/altera/13.0sp1/nios2eds/bin/gnu/h-i686-mingw32/bin/../lib/gcc/nios2-elf/4.1.2/../../../../nios2-elf/lib/mno-hw-mul\libsmallc.a(lib_a-memcmp.o)
                              ../matrix_bsp/\libhal_bsp.a(alt_find_dev.o) (memcmp)
c:/altera/13.0sp1/nios2eds/bin/gnu/h-i686-mingw32/bin/../lib/gcc/nios2-elf/4.1.2/../../../../nios2-elf/lib/mno-hw-mul\libsmallc.a(lib_a-__atexit.o)
                              c:/altera/13.0sp1/nios2eds/bin/gnu/h-i686-mingw32/bin/../lib/gcc/nios2-elf/4.1.2/../../../../nios2-elf/lib/mno-hw-mul\libsmallc.a(lib_a-atexit.o) (__register_exitproc)
c:/altera/13.0sp1/nios2eds/bin/gnu/h-i686-mingw32/bin/../lib/gcc/nios2-elf/4.1.2/../../../../nios2-elf/lib/mno-hw-mul\libsmallc.a(lib_a-__call_atexit.o)
                              c:/altera/13.0sp1/nios2eds/bin/gnu/h-i686-mingw32/bin/../lib/gcc/nios2-elf/4.1.2/../../../../nios2-elf/lib/mno-hw-mul\libsmallc.a(lib_a-exit.o) (__call_exitprocs)
c:/altera/13.0sp1/nios2eds/bin/gnu/h-i686-mingw32/bin/../lib/gcc/nios2-elf/4.1.2/mno-hw-mul\libgcc.a(lib2-mul.o)
                              ../matrix_bsp/\libhal_bsp.a(alt_write.o) (__mulsi3)
../matrix_bsp/\libhal_bsp.a(alt_exit.o)
                              c:/altera/13.0sp1/nios2eds/bin/gnu/h-i686-mingw32/bin/../lib/gcc/nios2-elf/4.1.2/../../../../nios2-elf/lib/mno-hw-mul\libsmallc.a(lib_a-exit.o) (_exit)

Allocating common symbols
Common symbol       size              file

alt_irq             0x100             ../matrix_bsp/\libhal_bsp.a(alt_irq_handler.o)
errno               0x4               c:/altera/13.0sp1/nios2eds/bin/gnu/h-i686-mingw32/bin/../lib/gcc/nios2-elf/4.1.2/../../../../nios2-elf/lib/mno-hw-mul\libsmallc.a(lib_a-int_errno.o)
_atexit0            0x8c              c:/altera/13.0sp1/nios2eds/bin/gnu/h-i686-mingw32/bin/../lib/gcc/nios2-elf/4.1.2/../../../../nios2-elf/lib/mno-hw-mul\libsmallc.a(lib_a-atexit.o)

Memory Configuration

Name             Origin             Length             Attributes
reset            0x00008000         0x00000020
onchip_memory2_0 0x00008020         0x00007fe0
*default*        0x00000000         0xffffffff

Linker script and memory map

LOAD ../matrix_bsp//obj/HAL/src/crt0.o
LOAD obj/default/source.o
LOAD c:/altera/13.0sp1/nios2eds/bin/gnu/h-i686-mingw32/bin/../lib/gcc/nios2-elf/4.1.2/../../../../nios2-elf/lib/mno-hw-mul\libstdc++.a
LOAD c:/altera/13.0sp1/nios2eds/bin/gnu/h-i686-mingw32/bin/../lib/gcc/nios2-elf/4.1.2/../../../../nios2-elf/lib/mno-hw-mul\libm.a
LOAD c:/altera/13.0sp1/nios2eds/bin/gnu/h-i686-mingw32/bin/../lib/gcc/nios2-elf/4.1.2/mno-hw-mul\libgcc.a
START GROUP
LOAD c:/altera/13.0sp1/nios2eds/bin/gnu/h-i686-mingw32/bin/../lib/gcc/nios2-elf/4.1.2/../../../../nios2-elf/lib/mno-hw-mul\libsmallc.a
LOAD c:/altera/13.0sp1/nios2eds/bin/gnu/h-i686-mingw32/bin/../lib/gcc/nios2-elf/4.1.2/mno-hw-mul\libgcc.a
LOAD ../matrix_bsp/\libhal_bsp.a
END GROUP
LOAD c:/altera/13.0sp1/nios2eds/bin/gnu/h-i686-mingw32/bin/../lib/gcc/nios2-elf/4.1.2/mno-hw-mul\libgcc.a
                0x00008000                __alt_mem_onchip_memory2_0 = 0x8000

.entry          0x00008000       0x20
 *(.entry)
 .entry         0x00008000       0x20 ../matrix_bsp//obj/HAL/src/crt0.o
                0x00008000                __reset

.exceptions     0x00008020      0x194
                0x00008020                PROVIDE (__ram_exceptions_start, ABSOLUTE (.))
                0x00008020                . = ALIGN (0x20)
 *(.irq)
 *(.exceptions.entry.label)
 .exceptions.entry.label
                0x00008020        0x0 ../matrix_bsp/\libhal_bsp.a(alt_irq_entry.o)
                0x00008020                alt_irq_entry
 .exceptions.entry.label
                0x00008020        0x0 ../matrix_bsp/\libhal_bsp.a(alt_exception_entry.o)
                0x00008020                alt_exception
 *(.exceptions.entry.user)
 *(.exceptions.entry)
 .exceptions.entry
                0x00008020       0x54 ../matrix_bsp/\libhal_bsp.a(alt_exception_entry.o)
 *(.exceptions.irqtest.user)
 *(.exceptions.irqtest)
 .exceptions.irqtest
                0x00008074       0x10 ../matrix_bsp/\libhal_bsp.a(alt_irq_entry.o)
 *(.exceptions.irqhandler.user)
 *(.exceptions.irqhandler)
 .exceptions.irqhandler
                0x00008084        0x4 ../matrix_bsp/\libhal_bsp.a(alt_irq_entry.o)
 *(.exceptions.irqreturn.user)
 *(.exceptions.irqreturn)
 .exceptions.irqreturn
                0x00008088        0x4 ../matrix_bsp/\libhal_bsp.a(alt_irq_entry.o)
 *(.exceptions.notirq.label)
 .exceptions.notirq.label
                0x0000808c        0x0 ../matrix_bsp/\libhal_bsp.a(alt_irq_entry.o)
 *(.exceptions.notirq.user)
 *(.exceptions.notirq)
 .exceptions.notirq
                0x0000808c        0x8 ../matrix_bsp/\libhal_bsp.a(alt_exception_entry.o)
 *(.exceptions.soft.user)
 *(.exceptions.soft)
 *(.exceptions.unknown.user)
 *(.exceptions.unknown)
 .exceptions.unknown
                0x00008094        0x4 ../matrix_bsp/\libhal_bsp.a(alt_exception_entry.o)
 *(.exceptions.exit.label)
 .exceptions.exit.label
                0x00008098        0x0 ../matrix_bsp/\libhal_bsp.a(alt_irq_entry.o)
 .exceptions.exit.label
                0x00008098        0x0 ../matrix_bsp/\libhal_bsp.a(alt_exception_entry.o)
 *(.exceptions.exit.user)
 *(.exceptions.exit)
 .exceptions.exit
                0x00008098       0x54 ../matrix_bsp/\libhal_bsp.a(alt_exception_entry.o)
 *(.exceptions)
 .exceptions    0x000080ec       0xc8 ../matrix_bsp/\libhal_bsp.a(alt_irq_handler.o)
                0x000080ec                alt_irq_handler
                0x000081b4                PROVIDE (__ram_exceptions_end, ABSOLUTE (.))
                0x00008020                PROVIDE (__flash_exceptions_start, LOADADDR (.exceptions))

.text           0x000081b4     0x1cec
                0x000081b4                PROVIDE (stext, ABSOLUTE (.))
 *(.interp)
 *(.hash)
 *(.dynsym)
 *(.dynstr)
 *(.gnu.version)
 *(.gnu.version_d)
 *(.gnu.version_r)
 *(.rel.init)
 *(.rela.init)
 *(.rel.text .rel.text.* .rel.gnu.linkonce.t.*)
 *(.rela.text .rela.text.* .rela.gnu.linkonce.t.*)
 *(.rel.fini)
 *(.rela.fini)
 *(.rel.rodata .rel.rodata.* .rel.gnu.linkonce.r.*)
 *(.rela.rodata .rela.rodata.* .rela.gnu.linkonce.r.*)
 *(.rel.data .rel.data.* .rel.gnu.linkonce.d.*)
 *(.rela.data .rela.data.* .rela.gnu.linkonce.d.*)
 *(.rel.tdata .rel.tdata.* .rel.gnu.linkonce.td.*)
 *(.rela.tdata .rela.tdata.* .rela.gnu.linkonce.td.*)
 *(.rel.tbss .rel.tbss.* .rel.gnu.linkonce.tb.*)
 *(.rela.tbss .rela.tbss.* .rela.gnu.linkonce.tb.*)
 *(.rel.ctors)
 *(.rela.ctors)
 *(.rel.dtors)
 *(.rela.dtors)
 *(.rel.got)
 *(.rela.got)
 *(.rel.sdata .rel.sdata.* .rel.gnu.linkonce.s.*)
 *(.rela.sdata .rela.sdata.* .rela.gnu.linkonce.s.*)
 *(.rel.sbss .rel.sbss.* .rel.gnu.linkonce.sb.*)
 *(.rela.sbss .rela.sbss.* .rela.gnu.linkonce.sb.*)
 *(.rel.sdata2 .rel.sdata2.* .rel.gnu.linkonce.s2.*)
 *(.rela.sdata2 .rela.sdata2.* .rela.gnu.linkonce.s2.*)
 *(.rel.sbss2 .rel.sbss2.* .rel.gnu.linkonce.sb2.*)
 *(.rela.sbss2 .rela.sbss2.* .rela.gnu.linkonce.sb2.*)
 *(.rel.bss .rel.bss.* .rel.gnu.linkonce.b.*)
 *(.rela.bss .rela.bss.* .rela.gnu.linkonce.b.*)
 *(.rel.plt)
 *(.rela.plt)
 *(.rel.dyn)
 *(.init)
 *(.plt)
 *(.text .stub .text.* .gnu.linkonce.t.*)
 .text          0x000081b4       0x3c ../matrix_bsp//obj/HAL/src/crt0.o
                0x000081b4                _start
 .text          0x000081f0       0x34 obj/default/source.o
                0x000081f0                main
 .text          0x00008224       0xa4 c:/altera/13.0sp1/nios2eds/bin/gnu/h-i686-mingw32/bin/../lib/gcc/nios2-elf/4.1.2/../../../../nios2-elf/lib/mno-hw-mul\libsmallc.a(lib_a-puts.o)
                0x00008224                _puts_r
                0x000082b4                puts
 .text          0x000082c8       0x20 c:/altera/13.0sp1/nios2eds/bin/gnu/h-i686-mingw32/bin/../lib/gcc/nios2-elf/4.1.2/../../../../nios2-elf/lib/mno-hw-mul\libsmallc.a(lib_a-strlen.o)
                0x000082c8                strlen
 .text          0x000082e8       0xbc c:/altera/13.0sp1/nios2eds/bin/gnu/h-i686-mingw32/bin/../lib/gcc/nios2-elf/4.1.2/../../../../nios2-elf/lib/mno-hw-mul\libsmallc.a(lib_a-fvwrite_small_dev.o)
                0x000082e8                __sfvwrite_small_dev
 .text          0x000083a4        0x0 c:/altera/13.0sp1/nios2eds/bin/gnu/h-i686-mingw32/bin/../lib/gcc/nios2-elf/4.1.2/../../../../nios2-elf/lib/mno-hw-mul\libsmallc.a(lib_a-impure.o)
 .text          0x000083a4       0x78 c:/altera/13.0sp1/nios2eds/bin/gnu/h-i686-mingw32/bin/../lib/gcc/nios2-elf/4.1.2/../../../../nios2-elf/lib/mno-hw-mul\libsmallc.a(lib_a-writer.o)
                0x000083a4                _write_r
 .text          0x0000841c        0x0 c:/altera/13.0sp1/nios2eds/bin/gnu/h-i686-mingw32/bin/../lib/gcc/nios2-elf/4.1.2/../../../../nios2-elf/lib/mno-hw-mul\libsmallc.a(lib_a-int_errno.o)
 .text          0x0000841c       0xec ../matrix_bsp/\libhal_bsp.a(alt_load.o)
                0x0000841c                alt_load
 .text          0x00008508       0x6c ../matrix_bsp/\libhal_bsp.a(alt_main.o)
                0x00008508                alt_main
 .text          0x00008574      0x184 ../matrix_bsp/\libhal_bsp.a(alt_write.o)
                0x00008574                write
 .text          0x000086f8       0xb8 ../matrix_bsp/\libhal_bsp.a(alt_sys_init.o)
                0x000086f8                alt_irq_init
                0x0000872c                alt_sys_init
 .text          0x000087b0       0xb0 ../matrix_bsp/\libhal_bsp.a(altera_avalon_jtag_uart_fd.o)
                0x000087b0                altera_avalon_jtag_uart_read_fd
                0x00008808                altera_avalon_jtag_uart_write_fd
 .text          0x00008860      0x104 ../matrix_bsp/\libhal_bsp.a(altera_avalon_jtag_uart_read.o)
                0x00008860                altera_avalon_jtag_uart_read
 .text          0x00008964       0xa4 ../matrix_bsp/\libhal_bsp.a(altera_avalon_jtag_uart_write.o)
                0x00008964                altera_avalon_jtag_uart_write
 .text          0x00008a08      0x100 ../matrix_bsp/\libhal_bsp.a(altera_avalon_timer_sc.o)
                0x00008a78                alt_avalon_timer_sc_init
 .text          0x00008b08      0x160 ../matrix_bsp/\libhal_bsp.a(alt_close.o)
                0x00008b08                close
 .text          0x00008c68       0x1c ../matrix_bsp/\libhal_bsp.a(alt_dcache_flush_all.o)
                0x00008c68                alt_dcache_flush_all
 .text          0x00008c84       0x2c ../matrix_bsp/\libhal_bsp.a(alt_dev.o)
 .text          0x00008cb0      0x114 ../matrix_bsp/\libhal_bsp.a(alt_dev_llist_insert.o)
                0x00008cb0                alt_dev_llist_insert
 .text          0x00008dc4       0x64 ../matrix_bsp/\libhal_bsp.a(alt_do_ctors.o)
                0x00008dc4                _do_ctors
 .text          0x00008e28       0x64 ../matrix_bsp/\libhal_bsp.a(alt_do_dtors.o)
                0x00008e28                _do_dtors
 .text          0x00008e8c        0x0 ../matrix_bsp/\libhal_bsp.a(alt_errno.o)
 .text          0x00008e8c       0x1c ../matrix_bsp/\libhal_bsp.a(alt_icache_flush_all.o)
                0x00008e8c                alt_icache_flush_all
 .text          0x00008ea8      0x1d4 ../matrix_bsp/\libhal_bsp.a(alt_iic.o)
                0x00008ea8                alt_ic_isr_register
                0x00008ef8                alt_ic_irq_enable
                0x00008f94                alt_ic_irq_disable
                0x00009034                alt_ic_irq_enabled
 .text          0x0000907c       0xf8 ../matrix_bsp/\libhal_bsp.a(alt_iic_isr_register.o)
                0x0000907c                alt_iic_isr_register
 .text          0x00009174      0x150 ../matrix_bsp/\libhal_bsp.a(alt_io_redirect.o)
                0x0000924c                alt_io_redirect
 .text          0x000092c4        0x0 ../matrix_bsp/\libhal_bsp.a(alt_irq_entry.o)
 .text          0x000092c4        0x0 ../matrix_bsp/\libhal_bsp.a(alt_irq_handler.o)
 .text          0x000092c4        0x0 ../matrix_bsp/\libhal_bsp.a(alt_irq_vars.o)
 .text          0x000092c4      0x2e4 ../matrix_bsp/\libhal_bsp.a(alt_open.o)
                0x000093bc                open
 .text          0x000095a8       0x78 ../matrix_bsp/\libhal_bsp.a(alt_release_fd.o)
                0x000095a8                alt_release_fd
 .text          0x00009620      0x1a4 ../matrix_bsp/\libhal_bsp.a(alt_tick.o)
                0x00009620                alt_alarm_stop
                0x000096b8                alt_tick
 .text          0x000097c4       0x20 ../matrix_bsp/\libhal_bsp.a(altera_nios2_qsys_irq.o)
                0x000097c4                altera_nios2_qsys_irq_init
 .text          0x000097e4        0x0 ../matrix_bsp/\libhal_bsp.a(alt_exception_entry.o)
 .text          0x000097e4       0x94 ../matrix_bsp/\libhal_bsp.a(alt_find_dev.o)
                0x000097e4                alt_find_dev
 .text          0x00009878      0x120 ../matrix_bsp/\libhal_bsp.a(alt_find_file.o)
                0x00009878                alt_find_file
 .text          0x00009998       0xd0 ../matrix_bsp/\libhal_bsp.a(alt_get_fd.o)
                0x00009998                alt_get_fd
 .text          0x00009a68       0x14 c:/altera/13.0sp1/nios2eds/bin/gnu/h-i686-mingw32/bin/../lib/gcc/nios2-elf/4.1.2/../../../../nios2-elf/lib/mno-hw-mul\libsmallc.a(lib_a-atexit.o)
                0x00009a68                atexit
 .text          0x00009a7c       0x20 c:/altera/13.0sp1/nios2eds/bin/gnu/h-i686-mingw32/bin/../lib/gcc/nios2-elf/4.1.2/../../../../nios2-elf/lib/mno-hw-mul\libsmallc.a(lib_a-exit.o)
                0x00009a7c                exit
 .text          0x00009a9c       0x3c c:/altera/13.0sp1/nios2eds/bin/gnu/h-i686-mingw32/bin/../lib/gcc/nios2-elf/4.1.2/../../../../nios2-elf/lib/mno-hw-mul\libsmallc.a(lib_a-memcmp.o)
                0x00009a9c                memcmp
 .text          0x00009ad8      0x16c c:/altera/13.0sp1/nios2eds/bin/gnu/h-i686-mingw32/bin/../lib/gcc/nios2-elf/4.1.2/../../../../nios2-elf/lib/mno-hw-mul\libsmallc.a(lib_a-__atexit.o)
                0x00009ad8                __register_exitproc
 .text          0x00009c44      0x1c0 c:/altera/13.0sp1/nios2eds/bin/gnu/h-i686-mingw32/bin/../lib/gcc/nios2-elf/4.1.2/../../../../nios2-elf/lib/mno-hw-mul\libsmallc.a(lib_a-__call_atexit.o)
                0x00009c48                __call_exitprocs
 .text          0x00009e04       0x38 c:/altera/13.0sp1/nios2eds/bin/gnu/h-i686-mingw32/bin/../lib/gcc/nios2-elf/4.1.2/mno-hw-mul\libgcc.a(lib2-mul.o)
                0x00009e04                __mulsi3
 .text          0x00009e3c       0x60 ../matrix_bsp/\libhal_bsp.a(alt_exit.o)
                0x00009e7c                _exit
 *(.gnu.warning.*)
 *(.fini)
                0x00009e9c                PROVIDE (__etext, ABSOLUTE (.))
                0x00009e9c                PROVIDE (_etext, ABSOLUTE (.))
                0x00009e9c                PROVIDE (etext, ABSOLUTE (.))
 *(.eh_frame_hdr)
                0x00009e9c                . = ALIGN (0x4)
                0x00009e9c                PROVIDE (__preinit_array_start, ABSOLUTE (.))
 *(.preinit_array)
                0x00009e9c                PROVIDE (__preinit_array_end, ABSOLUTE (.))
                0x00009e9c                PROVIDE (__init_array_start, ABSOLUTE (.))
 *(.init_array)
                0x00009e9c                PROVIDE (__init_array_end, ABSOLUTE (.))
                0x00009e9c                PROVIDE (__fini_array_start, ABSOLUTE (.))
 *(.fini_array)
                0x00009e9c                PROVIDE (__fini_array_end, ABSOLUTE (.))
 *(.eh_frame)
 *(.gcc_except_table)
 *(.dynamic)
                0x00009e9c                PROVIDE (__CTOR_LIST__, ABSOLUTE (.))
 *(.ctors)
 *(SORT(.ctors.*))
 .ctors.65535   0x00009e9c        0x4 c:/altera/13.0sp1/nios2eds/bin/gnu/h-i686-mingw32/bin/../lib/gcc/nios2-elf/4.1.2/../../../../nios2-elf/lib/mno-hw-mul\libsmallc.a(lib_a-__call_atexit.o)
                0x00009ea0                PROVIDE (__CTOR_END__, ABSOLUTE (.))
                0x00009ea0                PROVIDE (__DTOR_LIST__, ABSOLUTE (.))
 *(.dtors)
 *(SORT(.dtors.*))
                0x00009ea0                PROVIDE (__DTOR_END__, ABSOLUTE (.))
 *(.jcr)
                0x00009ea0                . = ALIGN (0x4)

.rodata         0x00009ea0       0x5c
                0x00009ea0                PROVIDE (__ram_rodata_start, ABSOLUTE (.))
                0x00009ea0                . = ALIGN (0x4)
 *(.rodata .rodata.* .gnu.linkonce.r.*)
 .rodata        0x00009ea0       0x24 obj/default/source.o
 .rodata.str1.4
                0x00009ec4        0x4 c:/altera/13.0sp1/nios2eds/bin/gnu/h-i686-mingw32/bin/../lib/gcc/nios2-elf/4.1.2/../../../../nios2-elf/lib/mno-hw-mul\libsmallc.a(lib_a-puts.o)
 .rodata        0x00009ec8       0x14 ../matrix_bsp/\libhal_bsp.a(alt_main.o)
 .rodata        0x00009edc       0x14 ../matrix_bsp/\libhal_bsp.a(alt_sys_init.o)
 .rodata        0x00009ef0        0xc ../matrix_bsp/\libhal_bsp.a(alt_dev.o)
 *(.rodata1)
                0x00009efc                . = ALIGN (0x4)
                0x00009efc                PROVIDE (__ram_rodata_end, ABSOLUTE (.))
                0x00009ea0                PROVIDE (__flash_rodata_start, LOADADDR (.rodata))

.rwdata         0x00009efc      0x2e0 load address 0x0000a1dc
                0x00009efc                PROVIDE (__ram_rwdata_start, ABSOLUTE (.))
                0x00009efc                . = ALIGN (0x4)
 *(.got.plt)
 *(.got)
 *(.data1)
 *(.data .data.* .gnu.linkonce.d.*)
 .data          0x00009efc        0x0 ../matrix_bsp//obj/HAL/src/crt0.o
 .data          0x00009efc        0x0 obj/default/source.o
 .data          0x00009efc        0x0 c:/altera/13.0sp1/nios2eds/bin/gnu/h-i686-mingw32/bin/../lib/gcc/nios2-elf/4.1.2/../../../../nios2-elf/lib/mno-hw-mul\libsmallc.a(lib_a-puts.o)
 .data          0x00009efc        0x0 c:/altera/13.0sp1/nios2eds/bin/gnu/h-i686-mingw32/bin/../lib/gcc/nios2-elf/4.1.2/../../../../nios2-elf/lib/mno-hw-mul\libsmallc.a(lib_a-strlen.o)
 .data          0x00009efc        0x0 c:/altera/13.0sp1/nios2eds/bin/gnu/h-i686-mingw32/bin/../lib/gcc/nios2-elf/4.1.2/../../../../nios2-elf/lib/mno-hw-mul\libsmallc.a(lib_a-fvwrite_small_dev.o)
 .data          0x00009efc       0xe0 c:/altera/13.0sp1/nios2eds/bin/gnu/h-i686-mingw32/bin/../lib/gcc/nios2-elf/4.1.2/../../../../nios2-elf/lib/mno-hw-mul\libsmallc.a(lib_a-impure.o)
 .data          0x00009fdc        0x0 c:/altera/13.0sp1/nios2eds/bin/gnu/h-i686-mingw32/bin/../lib/gcc/nios2-elf/4.1.2/../../../../nios2-elf/lib/mno-hw-mul\libsmallc.a(lib_a-writer.o)
 .data          0x00009fdc        0x0 c:/altera/13.0sp1/nios2eds/bin/gnu/h-i686-mingw32/bin/../lib/gcc/nios2-elf/4.1.2/../../../../nios2-elf/lib/mno-hw-mul\libsmallc.a(lib_a-int_errno.o)
 .data          0x00009fdc        0x0 ../matrix_bsp/\libhal_bsp.a(alt_load.o)
 .data          0x00009fdc        0x0 ../matrix_bsp/\libhal_bsp.a(alt_main.o)
 .data          0x00009fdc        0x0 ../matrix_bsp/\libhal_bsp.a(alt_write.o)
 .data          0x00009fdc       0x2c ../matrix_bsp/\libhal_bsp.a(alt_sys_init.o)
 .data          0x0000a008        0x0 ../matrix_bsp/\libhal_bsp.a(altera_avalon_jtag_uart_fd.o)
 .data          0x0000a008        0x0 ../matrix_bsp/\libhal_bsp.a(altera_avalon_jtag_uart_read.o)
 .data          0x0000a008        0x0 ../matrix_bsp/\libhal_bsp.a(altera_avalon_jtag_uart_write.o)
 .data          0x0000a008        0x0 ../matrix_bsp/\libhal_bsp.a(altera_avalon_timer_sc.o)
 .data          0x0000a008        0x0 ../matrix_bsp/\libhal_bsp.a(alt_close.o)
 .data          0x0000a008        0x0 ../matrix_bsp/\libhal_bsp.a(alt_dcache_flush_all.o)
 .data          0x0000a008      0x1a8 ../matrix_bsp/\libhal_bsp.a(alt_dev.o)
                0x0000a008                alt_dev_null
                0x0000a030                alt_fd_list
 .data          0x0000a1b0        0x0 ../matrix_bsp/\libhal_bsp.a(alt_dev_llist_insert.o)
 .data          0x0000a1b0        0x0 ../matrix_bsp/\libhal_bsp.a(alt_do_ctors.o)
 .data          0x0000a1b0        0x0 ../matrix_bsp/\libhal_bsp.a(alt_do_dtors.o)
 .data          0x0000a1b0        0x0 ../matrix_bsp/\libhal_bsp.a(alt_errno.o)
 .data          0x0000a1b0        0x0 ../matrix_bsp/\libhal_bsp.a(alt_icache_flush_all.o)
 .data          0x0000a1b0        0x0 ../matrix_bsp/\libhal_bsp.a(alt_iic.o)
 .data          0x0000a1b0        0x0 ../matrix_bsp/\libhal_bsp.a(alt_iic_isr_register.o)
 .data          0x0000a1b0        0x0 ../matrix_bsp/\libhal_bsp.a(alt_io_redirect.o)
 .data          0x0000a1b0        0x0 ../matrix_bsp/\libhal_bsp.a(alt_irq_entry.o)
 .data          0x0000a1b0        0x0 ../matrix_bsp/\libhal_bsp.a(alt_irq_handler.o)
 .data          0x0000a1b0        0x0 ../matrix_bsp/\libhal_bsp.a(alt_irq_vars.o)
 .data          0x0000a1b0        0x0 ../matrix_bsp/\libhal_bsp.a(alt_open.o)
 .data          0x0000a1b0        0x0 ../matrix_bsp/\libhal_bsp.a(alt_release_fd.o)
 .data          0x0000a1b0        0x0 ../matrix_bsp/\libhal_bsp.a(alt_tick.o)
 .data          0x0000a1b0        0x0 ../matrix_bsp/\libhal_bsp.a(altera_nios2_qsys_irq.o)
 .data          0x0000a1b0        0x0 ../matrix_bsp/\libhal_bsp.a(alt_exception_entry.o)
 .data          0x0000a1b0        0x0 ../matrix_bsp/\libhal_bsp.a(alt_find_dev.o)
 .data          0x0000a1b0        0x0 ../matrix_bsp/\libhal_bsp.a(alt_find_file.o)
 .data          0x0000a1b0        0x0 ../matrix_bsp/\libhal_bsp.a(alt_get_fd.o)
 .data          0x0000a1b0        0x0 c:/altera/13.0sp1/nios2eds/bin/gnu/h-i686-mingw32/bin/../lib/gcc/nios2-elf/4.1.2/../../../../nios2-elf/lib/mno-hw-mul\libsmallc.a(lib_a-atexit.o)
 .data          0x0000a1b0        0x0 c:/altera/13.0sp1/nios2eds/bin/gnu/h-i686-mingw32/bin/../lib/gcc/nios2-elf/4.1.2/../../../../nios2-elf/lib/mno-hw-mul\libsmallc.a(lib_a-exit.o)
 .data          0x0000a1b0        0x0 c:/altera/13.0sp1/nios2eds/bin/gnu/h-i686-mingw32/bin/../lib/gcc/nios2-elf/4.1.2/../../../../nios2-elf/lib/mno-hw-mul\libsmallc.a(lib_a-memcmp.o)
 .data          0x0000a1b0        0x0 c:/altera/13.0sp1/nios2eds/bin/gnu/h-i686-mingw32/bin/../lib/gcc/nios2-elf/4.1.2/../../../../nios2-elf/lib/mno-hw-mul\libsmallc.a(lib_a-__atexit.o)
 .data          0x0000a1b0        0x0 c:/altera/13.0sp1/nios2eds/bin/gnu/h-i686-mingw32/bin/../lib/gcc/nios2-elf/4.1.2/../../../../nios2-elf/lib/mno-hw-mul\libsmallc.a(lib_a-__call_atexit.o)
 .data          0x0000a1b0        0x0 c:/altera/13.0sp1/nios2eds/bin/gnu/h-i686-mingw32/bin/../lib/gcc/nios2-elf/4.1.2/mno-hw-mul\libgcc.a(lib2-mul.o)
 .data          0x0000a1b0        0x0 ../matrix_bsp/\libhal_bsp.a(alt_exit.o)
                0x000121b0                _gp = ABSOLUTE ((. + 0x8000))
                0x000121b0                PROVIDE (gp, _gp)
 *(.rwdata .rwdata.*)
 *(.sdata .sdata.* .gnu.linkonce.s.*)
 .sdata         0x0000a1b0        0x8 c:/altera/13.0sp1/nios2eds/bin/gnu/h-i686-mingw32/bin/../lib/gcc/nios2-elf/4.1.2/../../../../nios2-elf/lib/mno-hw-mul\libsmallc.a(lib_a-impure.o)
                0x0000a1b0                _impure_ptr
                0x0000a1b4                _global_impure_ptr
 .sdata         0x0000a1b8       0x14 ../matrix_bsp/\libhal_bsp.a(alt_dev.o)
                0x0000a1b8                alt_fs_list
                0x0000a1c0                alt_dev_list
                0x0000a1c8                alt_max_fd
 .sdata         0x0000a1cc        0x4 ../matrix_bsp/\libhal_bsp.a(alt_errno.o)
                0x0000a1cc                alt_errno
 .sdata         0x0000a1d0        0x4 ../matrix_bsp/\libhal_bsp.a(alt_irq_vars.o)
                0x0000a1d0                alt_priority_mask
 .sdata         0x0000a1d4        0x8 ../matrix_bsp/\libhal_bsp.a(alt_tick.o)
                0x0000a1d4                alt_alarm_list
 *(.sdata2 .sdata2.* .gnu.linkonce.s2.*)
                0x0000a1dc                . = ALIGN (0x4)
                0x0000a1dc                _edata = ABSOLUTE (.)
                0x0000a1dc                PROVIDE (edata, ABSOLUTE (.))
                0x0000a1dc                PROVIDE (__ram_rwdata_end, ABSOLUTE (.))
                0x0000a1dc                PROVIDE (__flash_rwdata_start, LOADADDR (.rwdata))

.bss            0x0000a4bc      0x1a8
                0x0000a4bc                __bss_start = ABSOLUTE (.)
                0x0000a4bc                PROVIDE (__sbss_start, ABSOLUTE (.))
                0x0000a4bc                PROVIDE (___sbss_start, ABSOLUTE (.))
 *(.dynsbss)
 *(.sbss .sbss.* .gnu.linkonce.sb.*)
 .sbss          0x0000a4bc        0x4 c:/altera/13.0sp1/nios2eds/bin/gnu/h-i686-mingw32/bin/../lib/gcc/nios2-elf/4.1.2/../../../../nios2-elf/lib/mno-hw-mul\libsmallc.a(lib_a-int_errno.o)
                0x0000a4bc                errno
 .sbss          0x0000a4c0        0xc ../matrix_bsp/\libhal_bsp.a(alt_main.o)
                0x0000a4c0                alt_argc
                0x0000a4c4                alt_argv
                0x0000a4c8                alt_envp
 .sbss          0x0000a4cc        0x4 ../matrix_bsp/\libhal_bsp.a(alt_irq_vars.o)
                0x0000a4cc                alt_irq_active
 .sbss          0x0000a4d0        0x8 ../matrix_bsp/\libhal_bsp.a(alt_tick.o)
                0x0000a4d0                _alt_tick_rate
                0x0000a4d4                _alt_nticks
 *(.sbss2 .sbss2.* .gnu.linkonce.sb2.*)
 *(.scommon)
                0x0000a4d8                PROVIDE (__sbss_end, ABSOLUTE (.))
                0x0000a4d8                PROVIDE (___sbss_end, ABSOLUTE (.))
 *(.dynbss)
 *(.bss .bss.* .gnu.linkonce.b.*)
 .bss           0x0000a4d8        0x0 ../matrix_bsp//obj/HAL/src/crt0.o
 .bss           0x0000a4d8        0x0 obj/default/source.o
 .bss           0x0000a4d8        0x0 c:/altera/13.0sp1/nios2eds/bin/gnu/h-i686-mingw32/bin/../lib/gcc/nios2-elf/4.1.2/../../../../nios2-elf/lib/mno-hw-mul\libsmallc.a(lib_a-puts.o)
 .bss           0x0000a4d8        0x0 c:/altera/13.0sp1/nios2eds/bin/gnu/h-i686-mingw32/bin/../lib/gcc/nios2-elf/4.1.2/../../../../nios2-elf/lib/mno-hw-mul\libsmallc.a(lib_a-strlen.o)
 .bss           0x0000a4d8        0x0 c:/altera/13.0sp1/nios2eds/bin/gnu/h-i686-mingw32/bin/../lib/gcc/nios2-elf/4.1.2/../../../../nios2-elf/lib/mno-hw-mul\libsmallc.a(lib_a-fvwrite_small_dev.o)
 .bss           0x0000a4d8        0x0 c:/altera/13.0sp1/nios2eds/bin/gnu/h-i686-mingw32/bin/../lib/gcc/nios2-elf/4.1.2/../../../../nios2-elf/lib/mno-hw-mul\libsmallc.a(lib_a-impure.o)
 .bss           0x0000a4d8        0x0 c:/altera/13.0sp1/nios2eds/bin/gnu/h-i686-mingw32/bin/../lib/gcc/nios2-elf/4.1.2/../../../../nios2-elf/lib/mno-hw-mul\libsmallc.a(lib_a-writer.o)
 .bss           0x0000a4d8        0x0 c:/altera/13.0sp1/nios2eds/bin/gnu/h-i686-mingw32/bin/../lib/gcc/nios2-elf/4.1.2/../../../../nios2-elf/lib/mno-hw-mul\libsmallc.a(lib_a-int_errno.o)
 .bss           0x0000a4d8        0x0 ../matrix_bsp/\libhal_bsp.a(alt_load.o)
 .bss           0x0000a4d8        0x0 ../matrix_bsp/\libhal_bsp.a(alt_main.o)
 .bss           0x0000a4d8        0x0 ../matrix_bsp/\libhal_bsp.a(alt_write.o)
 .bss           0x0000a4d8        0x0 ../matrix_bsp/\libhal_bsp.a(alt_sys_init.o)
 .bss           0x0000a4d8        0x0 ../matrix_bsp/\libhal_bsp.a(altera_avalon_jtag_uart_fd.o)
 .bss           0x0000a4d8        0x0 ../matrix_bsp/\libhal_bsp.a(altera_avalon_jtag_uart_read.o)
 .bss           0x0000a4d8        0x0 ../matrix_bsp/\libhal_bsp.a(altera_avalon_jtag_uart_write.o)
 .bss           0x0000a4d8        0x0 ../matrix_bsp/\libhal_bsp.a(altera_avalon_timer_sc.o)
 .bss           0x0000a4d8        0x0 ../matrix_bsp/\libhal_bsp.a(alt_close.o)
 .bss           0x0000a4d8        0x0 ../matrix_bsp/\libhal_bsp.a(alt_dcache_flush_all.o)
 .bss           0x0000a4d8        0x0 ../matrix_bsp/\libhal_bsp.a(alt_dev.o)
 .bss           0x0000a4d8        0x0 ../matrix_bsp/\libhal_bsp.a(alt_dev_llist_insert.o)
 .bss           0x0000a4d8        0x0 ../matrix_bsp/\libhal_bsp.a(alt_do_ctors.o)
 .bss           0x0000a4d8        0x0 ../matrix_bsp/\libhal_bsp.a(alt_do_dtors.o)
 .bss           0x0000a4d8        0x0 ../matrix_bsp/\libhal_bsp.a(alt_errno.o)
 .bss           0x0000a4d8        0x0 ../matrix_bsp/\libhal_bsp.a(alt_icache_flush_all.o)
 .bss           0x0000a4d8        0x0 ../matrix_bsp/\libhal_bsp.a(alt_iic.o)
 .bss           0x0000a4d8        0x0 ../matrix_bsp/\libhal_bsp.a(alt_iic_isr_register.o)
 .bss           0x0000a4d8        0x0 ../matrix_bsp/\libhal_bsp.a(alt_io_redirect.o)
 .bss           0x0000a4d8        0x0 ../matrix_bsp/\libhal_bsp.a(alt_irq_entry.o)
 .bss           0x0000a4d8        0x0 ../matrix_bsp/\libhal_bsp.a(alt_irq_handler.o)
 .bss           0x0000a4d8        0x0 ../matrix_bsp/\libhal_bsp.a(alt_irq_vars.o)
 .bss           0x0000a4d8        0x0 ../matrix_bsp/\libhal_bsp.a(alt_open.o)
 .bss           0x0000a4d8        0x0 ../matrix_bsp/\libhal_bsp.a(alt_release_fd.o)
 .bss           0x0000a4d8        0x0 ../matrix_bsp/\libhal_bsp.a(alt_tick.o)
 .bss           0x0000a4d8        0x0 ../matrix_bsp/\libhal_bsp.a(altera_nios2_qsys_irq.o)
 .bss           0x0000a4d8        0x0 ../matrix_bsp/\libhal_bsp.a(alt_exception_entry.o)
 .bss           0x0000a4d8        0x0 ../matrix_bsp/\libhal_bsp.a(alt_find_dev.o)
 .bss           0x0000a4d8        0x0 ../matrix_bsp/\libhal_bsp.a(alt_find_file.o)
 .bss           0x0000a4d8        0x0 ../matrix_bsp/\libhal_bsp.a(alt_get_fd.o)
 .bss           0x0000a4d8        0x0 c:/altera/13.0sp1/nios2eds/bin/gnu/h-i686-mingw32/bin/../lib/gcc/nios2-elf/4.1.2/../../../../nios2-elf/lib/mno-hw-mul\libsmallc.a(lib_a-atexit.o)
 .bss           0x0000a4d8        0x0 c:/altera/13.0sp1/nios2eds/bin/gnu/h-i686-mingw32/bin/../lib/gcc/nios2-elf/4.1.2/../../../../nios2-elf/lib/mno-hw-mul\libsmallc.a(lib_a-exit.o)
 .bss           0x0000a4d8        0x0 c:/altera/13.0sp1/nios2eds/bin/gnu/h-i686-mingw32/bin/../lib/gcc/nios2-elf/4.1.2/../../../../nios2-elf/lib/mno-hw-mul\libsmallc.a(lib_a-memcmp.o)
 .bss           0x0000a4d8        0x0 c:/altera/13.0sp1/nios2eds/bin/gnu/h-i686-mingw32/bin/../lib/gcc/nios2-elf/4.1.2/../../../../nios2-elf/lib/mno-hw-mul\libsmallc.a(lib_a-__atexit.o)
 .bss           0x0000a4d8        0x0 c:/altera/13.0sp1/nios2eds/bin/gnu/h-i686-mingw32/bin/../lib/gcc/nios2-elf/4.1.2/../../../../nios2-elf/lib/mno-hw-mul\libsmallc.a(lib_a-__call_atexit.o)
 .bss           0x0000a4d8        0x0 c:/altera/13.0sp1/nios2eds/bin/gnu/h-i686-mingw32/bin/../lib/gcc/nios2-elf/4.1.2/mno-hw-mul\libgcc.a(lib2-mul.o)
 .bss           0x0000a4d8        0x0 ../matrix_bsp/\libhal_bsp.a(alt_exit.o)
 *(COMMON)
 COMMON         0x0000a4d8      0x100 ../matrix_bsp/\libhal_bsp.a(alt_irq_handler.o)
                0x0000a4d8                alt_irq
 COMMON         0x0000a5d8       0x8c c:/altera/13.0sp1/nios2eds/bin/gnu/h-i686-mingw32/bin/../lib/gcc/nios2-elf/4.1.2/../../../../nios2-elf/lib/mno-hw-mul\libsmallc.a(lib_a-atexit.o)
                0x0000a5d8                _atexit0
                0x0000a664                . = ALIGN (0x4)
                0x0000a664                __bss_end = ABSOLUTE (.)

.onchip_memory2_0
                0x0000a664        0x0
                0x0000a664                PROVIDE (_alt_partition_onchip_memory2_0_start, ABSOLUTE (.))
 *(.onchip_memory2_0. onchip_memory2_0.*)
                0x0000a664                . = ALIGN (0x4)
                0x0000a664                PROVIDE (_alt_partition_onchip_memory2_0_end, ABSOLUTE (.))
                0x0000a664                _end = ABSOLUTE (.)
                0x0000a664                end = ABSOLUTE (.)
                0x0000a664                __alt_stack_base = ABSOLUTE (.)
                0x0000a664                PROVIDE (_alt_partition_onchip_memory2_0_load_addr, LOADADDR (.onchip_memory2_0))

.stab
 *(.stab)

.stabstr
 *(.stabstr)

.stab.excl
 *(.stab.excl)

.stab.exclstr
 *(.stab.exclstr)

.stab.index
 *(.stab.index)

.stab.indexstr
 *(.stab.indexstr)

.comment        0x00000000       0x26
 *(.comment)
 .comment       0x00000000       0x26 obj/default/source.o
                                 0x27 (size before relaxing)
 .comment       0x00000000       0x27 c:/altera/13.0sp1/nios2eds/bin/gnu/h-i686-mingw32/bin/../lib/gcc/nios2-elf/4.1.2/../../../../nios2-elf/lib/mno-hw-mul\libsmallc.a(lib_a-puts.o)
 .comment       0x00000000       0x27 c:/altera/13.0sp1/nios2eds/bin/gnu/h-i686-mingw32/bin/../lib/gcc/nios2-elf/4.1.2/../../../../nios2-elf/lib/mno-hw-mul\libsmallc.a(lib_a-strlen.o)
 .comment       0x00000000       0x27 c:/altera/13.0sp1/nios2eds/bin/gnu/h-i686-mingw32/bin/../lib/gcc/nios2-elf/4.1.2/../../../../nios2-elf/lib/mno-hw-mul\libsmallc.a(lib_a-fvwrite_small_dev.o)
 .comment       0x00000000       0x27 c:/altera/13.0sp1/nios2eds/bin/gnu/h-i686-mingw32/bin/../lib/gcc/nios2-elf/4.1.2/../../../../nios2-elf/lib/mno-hw-mul\libsmallc.a(lib_a-impure.o)
 .comment       0x00000000       0x27 c:/altera/13.0sp1/nios2eds/bin/gnu/h-i686-mingw32/bin/../lib/gcc/nios2-elf/4.1.2/../../../../nios2-elf/lib/mno-hw-mul\libsmallc.a(lib_a-writer.o)
 .comment       0x00000000       0x27 c:/altera/13.0sp1/nios2eds/bin/gnu/h-i686-mingw32/bin/../lib/gcc/nios2-elf/4.1.2/../../../../nios2-elf/lib/mno-hw-mul\libsmallc.a(lib_a-int_errno.o)
 .comment       0x00000000       0x27 ../matrix_bsp/\libhal_bsp.a(alt_load.o)
 .comment       0x00000000       0x27 ../matrix_bsp/\libhal_bsp.a(alt_main.o)
 .comment       0x00000000       0x27 ../matrix_bsp/\libhal_bsp.a(alt_write.o)
 .comment       0x00000000       0x27 ../matrix_bsp/\libhal_bsp.a(alt_sys_init.o)
 .comment       0x00000000       0x27 ../matrix_bsp/\libhal_bsp.a(altera_avalon_jtag_uart_fd.o)
 .comment       0x00000000       0x27 ../matrix_bsp/\libhal_bsp.a(altera_avalon_jtag_uart_read.o)
 .comment       0x00000000       0x27 ../matrix_bsp/\libhal_bsp.a(altera_avalon_jtag_uart_write.o)
 .comment       0x00000000       0x27 ../matrix_bsp/\libhal_bsp.a(altera_avalon_timer_sc.o)
 .comment       0x00000000       0x27 ../matrix_bsp/\libhal_bsp.a(alt_close.o)
 .comment       0x00000000       0x27 ../matrix_bsp/\libhal_bsp.a(alt_dcache_flush_all.o)
 .comment       0x00000000       0x27 ../matrix_bsp/\libhal_bsp.a(alt_dev.o)
 .comment       0x00000000       0x27 ../matrix_bsp/\libhal_bsp.a(alt_dev_llist_insert.o)
 .comment       0x00000000       0x27 ../matrix_bsp/\libhal_bsp.a(alt_do_ctors.o)
 .comment       0x00000000       0x27 ../matrix_bsp/\libhal_bsp.a(alt_do_dtors.o)
 .comment       0x00000000       0x27 ../matrix_bsp/\libhal_bsp.a(alt_errno.o)
 .comment       0x00000000       0x27 ../matrix_bsp/\libhal_bsp.a(alt_icache_flush_all.o)
 .comment       0x00000000       0x27 ../matrix_bsp/\libhal_bsp.a(alt_iic.o)
 .comment       0x00000000       0x27 ../matrix_bsp/\libhal_bsp.a(alt_iic_isr_register.o)
 .comment       0x00000000       0x27 ../matrix_bsp/\libhal_bsp.a(alt_io_redirect.o)
 .comment       0x00000000       0x27 ../matrix_bsp/\libhal_bsp.a(alt_irq_handler.o)
 .comment       0x00000000       0x27 ../matrix_bsp/\libhal_bsp.a(alt_irq_vars.o)
 .comment       0x00000000       0x27 ../matrix_bsp/\libhal_bsp.a(alt_open.o)
 .comment       0x00000000       0x27 ../matrix_bsp/\libhal_bsp.a(alt_release_fd.o)
 .comment       0x00000000       0x27 ../matrix_bsp/\libhal_bsp.a(alt_tick.o)
 .comment       0x00000000       0x27 ../matrix_bsp/\libhal_bsp.a(altera_nios2_qsys_irq.o)
 .comment       0x00000000       0x27 ../matrix_bsp/\libhal_bsp.a(alt_find_dev.o)
 .comment       0x00000000       0x27 ../matrix_bsp/\libhal_bsp.a(alt_find_file.o)
 .comment       0x00000000       0x27 ../matrix_bsp/\libhal_bsp.a(alt_get_fd.o)
 .comment       0x00000000       0x27 c:/altera/13.0sp1/nios2eds/bin/gnu/h-i686-mingw32/bin/../lib/gcc/nios2-elf/4.1.2/../../../../nios2-elf/lib/mno-hw-mul\libsmallc.a(lib_a-atexit.o)
 .comment       0x00000000       0x27 c:/altera/13.0sp1/nios2eds/bin/gnu/h-i686-mingw32/bin/../lib/gcc/nios2-elf/4.1.2/../../../../nios2-elf/lib/mno-hw-mul\libsmallc.a(lib_a-exit.o)
 .comment       0x00000000       0x27 c:/altera/13.0sp1/nios2eds/bin/gnu/h-i686-mingw32/bin/../lib/gcc/nios2-elf/4.1.2/../../../../nios2-elf/lib/mno-hw-mul\libsmallc.a(lib_a-memcmp.o)
 .comment       0x00000000       0x27 c:/altera/13.0sp1/nios2eds/bin/gnu/h-i686-mingw32/bin/../lib/gcc/nios2-elf/4.1.2/../../../../nios2-elf/lib/mno-hw-mul\libsmallc.a(lib_a-__atexit.o)
 .comment       0x00000000       0x27 c:/altera/13.0sp1/nios2eds/bin/gnu/h-i686-mingw32/bin/../lib/gcc/nios2-elf/4.1.2/../../../../nios2-elf/lib/mno-hw-mul\libsmallc.a(lib_a-__call_atexit.o)
 .comment       0x00000000       0x27 c:/altera/13.0sp1/nios2eds/bin/gnu/h-i686-mingw32/bin/../lib/gcc/nios2-elf/4.1.2/mno-hw-mul\libgcc.a(lib2-mul.o)
 .comment       0x00000000       0x27 ../matrix_bsp/\libhal_bsp.a(alt_exit.o)

.debug
 *(.debug)

.line
 *(.line)

.debug_srcinfo
 *(.debug_srcinfo)

.debug_sfnames
 *(.debug_sfnames)

.debug_aranges  0x00000000      0x558
 *(.debug_aranges)
 .debug_aranges
                0x00000000       0x28 ../matrix_bsp//obj/HAL/src/crt0.o
 .debug_aranges
                0x00000028       0x20 obj/default/source.o
 .debug_aranges
                0x00000048       0x20 c:/altera/13.0sp1/nios2eds/bin/gnu/h-i686-mingw32/bin/../lib/gcc/nios2-elf/4.1.2/../../../../nios2-elf/lib/mno-hw-mul\libsmallc.a(lib_a-puts.o)
 .debug_aranges
                0x00000068       0x20 c:/altera/13.0sp1/nios2eds/bin/gnu/h-i686-mingw32/bin/../lib/gcc/nios2-elf/4.1.2/../../../../nios2-elf/lib/mno-hw-mul\libsmallc.a(lib_a-strlen.o)
 .debug_aranges
                0x00000088       0x20 c:/altera/13.0sp1/nios2eds/bin/gnu/h-i686-mingw32/bin/../lib/gcc/nios2-elf/4.1.2/../../../../nios2-elf/lib/mno-hw-mul\libsmallc.a(lib_a-fvwrite_small_dev.o)
 .debug_aranges
                0x000000a8       0x20 c:/altera/13.0sp1/nios2eds/bin/gnu/h-i686-mingw32/bin/../lib/gcc/nios2-elf/4.1.2/../../../../nios2-elf/lib/mno-hw-mul\libsmallc.a(lib_a-writer.o)
 .debug_aranges
                0x000000c8       0x20 ../matrix_bsp/\libhal_bsp.a(alt_load.o)
 .debug_aranges
                0x000000e8       0x20 ../matrix_bsp/\libhal_bsp.a(alt_main.o)
 .debug_aranges
                0x00000108       0x20 ../matrix_bsp/\libhal_bsp.a(alt_write.o)
 .debug_aranges
                0x00000128       0x20 ../matrix_bsp/\libhal_bsp.a(alt_sys_init.o)
 .debug_aranges
                0x00000148       0x20 ../matrix_bsp/\libhal_bsp.a(altera_avalon_jtag_uart_fd.o)
 .debug_aranges
                0x00000168       0x20 ../matrix_bsp/\libhal_bsp.a(altera_avalon_jtag_uart_read.o)
 .debug_aranges
                0x00000188       0x20 ../matrix_bsp/\libhal_bsp.a(altera_avalon_jtag_uart_write.o)
 .debug_aranges
                0x000001a8       0x20 ../matrix_bsp/\libhal_bsp.a(altera_avalon_timer_sc.o)
 .debug_aranges
                0x000001c8       0x20 ../matrix_bsp/\libhal_bsp.a(alt_close.o)
 .debug_aranges
                0x000001e8       0x20 ../matrix_bsp/\libhal_bsp.a(alt_dcache_flush_all.o)
 .debug_aranges
                0x00000208       0x20 ../matrix_bsp/\libhal_bsp.a(alt_dev.o)
 .debug_aranges
                0x00000228       0x20 ../matrix_bsp/\libhal_bsp.a(alt_dev_llist_insert.o)
 .debug_aranges
                0x00000248       0x20 ../matrix_bsp/\libhal_bsp.a(alt_do_ctors.o)
 .debug_aranges
                0x00000268       0x20 ../matrix_bsp/\libhal_bsp.a(alt_do_dtors.o)
 .debug_aranges
                0x00000288       0x20 ../matrix_bsp/\libhal_bsp.a(alt_icache_flush_all.o)
 .debug_aranges
                0x000002a8       0x20 ../matrix_bsp/\libhal_bsp.a(alt_iic.o)
 .debug_aranges
                0x000002c8       0x20 ../matrix_bsp/\libhal_bsp.a(alt_iic_isr_register.o)
 .debug_aranges
                0x000002e8       0x20 ../matrix_bsp/\libhal_bsp.a(alt_io_redirect.o)
 .debug_aranges
                0x00000308       0x30 ../matrix_bsp/\libhal_bsp.a(alt_irq_entry.o)
 .debug_aranges
                0x00000338       0x28 ../matrix_bsp/\libhal_bsp.a(alt_irq_handler.o)
 .debug_aranges
                0x00000360       0x20 ../matrix_bsp/\libhal_bsp.a(alt_open.o)
 .debug_aranges
                0x00000380       0x20 ../matrix_bsp/\libhal_bsp.a(alt_release_fd.o)
 .debug_aranges
                0x000003a0       0x20 ../matrix_bsp/\libhal_bsp.a(alt_tick.o)
 .debug_aranges
                0x000003c0       0x20 ../matrix_bsp/\libhal_bsp.a(altera_nios2_qsys_irq.o)
 .debug_aranges
                0x000003e0       0x38 ../matrix_bsp/\libhal_bsp.a(alt_exception_entry.o)
 .debug_aranges
                0x00000418       0x20 ../matrix_bsp/\libhal_bsp.a(alt_find_dev.o)
 .debug_aranges
                0x00000438       0x20 ../matrix_bsp/\libhal_bsp.a(alt_find_file.o)
 .debug_aranges
                0x00000458       0x20 ../matrix_bsp/\libhal_bsp.a(alt_get_fd.o)
 .debug_aranges
                0x00000478       0x20 c:/altera/13.0sp1/nios2eds/bin/gnu/h-i686-mingw32/bin/../lib/gcc/nios2-elf/4.1.2/../../../../nios2-elf/lib/mno-hw-mul\libsmallc.a(lib_a-atexit.o)
 .debug_aranges
                0x00000498       0x20 c:/altera/13.0sp1/nios2eds/bin/gnu/h-i686-mingw32/bin/../lib/gcc/nios2-elf/4.1.2/../../../../nios2-elf/lib/mno-hw-mul\libsmallc.a(lib_a-exit.o)
 .debug_aranges
                0x000004b8       0x20 c:/altera/13.0sp1/nios2eds/bin/gnu/h-i686-mingw32/bin/../lib/gcc/nios2-elf/4.1.2/../../../../nios2-elf/lib/mno-hw-mul\libsmallc.a(lib_a-memcmp.o)
 .debug_aranges
                0x000004d8       0x20 c:/altera/13.0sp1/nios2eds/bin/gnu/h-i686-mingw32/bin/../lib/gcc/nios2-elf/4.1.2/../../../../nios2-elf/lib/mno-hw-mul\libsmallc.a(lib_a-__atexit.o)
 .debug_aranges
                0x000004f8       0x20 c:/altera/13.0sp1/nios2eds/bin/gnu/h-i686-mingw32/bin/../lib/gcc/nios2-elf/4.1.2/../../../../nios2-elf/lib/mno-hw-mul\libsmallc.a(lib_a-__call_atexit.o)
 .debug_aranges
                0x00000518       0x20 c:/altera/13.0sp1/nios2eds/bin/gnu/h-i686-mingw32/bin/../lib/gcc/nios2-elf/4.1.2/mno-hw-mul\libgcc.a(lib2-mul.o)
 .debug_aranges
                0x00000538       0x20 ../matrix_bsp/\libhal_bsp.a(alt_exit.o)

.debug_pubnames
                0x00000000      0x75f
 *(.debug_pubnames)
 .debug_pubnames
                0x00000000       0x1b obj/default/source.o
 .debug_pubnames
                0x0000001b       0x27 c:/altera/13.0sp1/nios2eds/bin/gnu/h-i686-mingw32/bin/../lib/gcc/nios2-elf/4.1.2/../../../../nios2-elf/lib/mno-hw-mul\libsmallc.a(lib_a-puts.o)
 .debug_pubnames
                0x00000042       0x1d c:/altera/13.0sp1/nios2eds/bin/gnu/h-i686-mingw32/bin/../lib/gcc/nios2-elf/4.1.2/../../../../nios2-elf/lib/mno-hw-mul\libsmallc.a(lib_a-strlen.o)
 .debug_pubnames
                0x0000005f       0x2b c:/altera/13.0sp1/nios2eds/bin/gnu/h-i686-mingw32/bin/../lib/gcc/nios2-elf/4.1.2/../../../../nios2-elf/lib/mno-hw-mul\libsmallc.a(lib_a-fvwrite_small_dev.o)
 .debug_pubnames
                0x0000008a       0x39 c:/altera/13.0sp1/nios2eds/bin/gnu/h-i686-mingw32/bin/../lib/gcc/nios2-elf/4.1.2/../../../../nios2-elf/lib/mno-hw-mul\libsmallc.a(lib_a-impure.o)
 .debug_pubnames
                0x000000c3       0x1f c:/altera/13.0sp1/nios2eds/bin/gnu/h-i686-mingw32/bin/../lib/gcc/nios2-elf/4.1.2/../../../../nios2-elf/lib/mno-hw-mul\libsmallc.a(lib_a-writer.o)
 .debug_pubnames
                0x000000e2       0x1c c:/altera/13.0sp1/nios2eds/bin/gnu/h-i686-mingw32/bin/../lib/gcc/nios2-elf/4.1.2/../../../../nios2-elf/lib/mno-hw-mul\libsmallc.a(lib_a-int_errno.o)
 .debug_pubnames
                0x000000fe       0x1f ../matrix_bsp/\libhal_bsp.a(alt_load.o)
 .debug_pubnames
                0x0000011d       0x46 ../matrix_bsp/\libhal_bsp.a(alt_main.o)
 .debug_pubnames
                0x00000163       0x1c ../matrix_bsp/\libhal_bsp.a(alt_write.o)
 .debug_pubnames
                0x0000017f       0x34 ../matrix_bsp/\libhal_bsp.a(alt_sys_init.o)
 .debug_pubnames
                0x000001b3       0x5b ../matrix_bsp/\libhal_bsp.a(altera_avalon_jtag_uart_fd.o)
 .debug_pubnames
                0x0000020e       0x33 ../matrix_bsp/\libhal_bsp.a(altera_avalon_jtag_uart_read.o)
 .debug_pubnames
                0x00000241       0x34 ../matrix_bsp/\libhal_bsp.a(altera_avalon_jtag_uart_write.o)
 .debug_pubnames
                0x00000275       0x2f ../matrix_bsp/\libhal_bsp.a(altera_avalon_timer_sc.o)
 .debug_pubnames
                0x000002a4       0x1c ../matrix_bsp/\libhal_bsp.a(alt_close.o)
 .debug_pubnames
                0x000002c0       0x2b ../matrix_bsp/\libhal_bsp.a(alt_dcache_flush_all.o)
 .debug_pubnames
                0x000002eb       0x63 ../matrix_bsp/\libhal_bsp.a(alt_dev.o)
 .debug_pubnames
                0x0000034e       0x2b ../matrix_bsp/\libhal_bsp.a(alt_dev_llist_insert.o)
 .debug_pubnames
                0x00000379       0x20 ../matrix_bsp/\libhal_bsp.a(alt_do_ctors.o)
 .debug_pubnames
                0x00000399       0x20 ../matrix_bsp/\libhal_bsp.a(alt_do_dtors.o)
 .debug_pubnames
                0x000003b9       0x20 ../matrix_bsp/\libhal_bsp.a(alt_errno.o)
 .debug_pubnames
                0x000003d9       0x2b ../matrix_bsp/\libhal_bsp.a(alt_icache_flush_all.o)
 .debug_pubnames
                0x00000404       0x6e ../matrix_bsp/\libhal_bsp.a(alt_iic.o)
 .debug_pubnames
                0x00000472       0x2b ../matrix_bsp/\libhal_bsp.a(alt_iic_isr_register.o)
 .debug_pubnames
                0x0000049d       0x26 ../matrix_bsp/\libhal_bsp.a(alt_io_redirect.o)
 .debug_pubnames
                0x000004c3       0x32 ../matrix_bsp/\libhal_bsp.a(alt_irq_handler.o)
 .debug_pubnames
                0x000004f5       0x3b ../matrix_bsp/\libhal_bsp.a(alt_irq_vars.o)
 .debug_pubnames
                0x00000530       0x1b ../matrix_bsp/\libhal_bsp.a(alt_open.o)
 .debug_pubnames
                0x0000054b       0x25 ../matrix_bsp/\libhal_bsp.a(alt_release_fd.o)
 .debug_pubnames
                0x00000570       0x68 ../matrix_bsp/\libhal_bsp.a(alt_tick.o)
 .debug_pubnames
                0x000005d8       0x31 ../matrix_bsp/\libhal_bsp.a(altera_nios2_qsys_irq.o)
 .debug_pubnames
                0x00000609       0x23 ../matrix_bsp/\libhal_bsp.a(alt_find_dev.o)
 .debug_pubnames
                0x0000062c       0x24 ../matrix_bsp/\libhal_bsp.a(alt_find_file.o)
 .debug_pubnames
                0x00000650       0x21 ../matrix_bsp/\libhal_bsp.a(alt_get_fd.o)
 .debug_pubnames
                0x00000671       0x2a c:/altera/13.0sp1/nios2eds/bin/gnu/h-i686-mingw32/bin/../lib/gcc/nios2-elf/4.1.2/../../../../nios2-elf/lib/mno-hw-mul\libsmallc.a(lib_a-atexit.o)
 .debug_pubnames
                0x0000069b       0x1b c:/altera/13.0sp1/nios2eds/bin/gnu/h-i686-mingw32/bin/../lib/gcc/nios2-elf/4.1.2/../../../../nios2-elf/lib/mno-hw-mul\libsmallc.a(lib_a-exit.o)
 .debug_pubnames
                0x000006b6       0x1d c:/altera/13.0sp1/nios2eds/bin/gnu/h-i686-mingw32/bin/../lib/gcc/nios2-elf/4.1.2/../../../../nios2-elf/lib/mno-hw-mul\libsmallc.a(lib_a-memcmp.o)
 .debug_pubnames
                0x000006d3       0x2a c:/altera/13.0sp1/nios2eds/bin/gnu/h-i686-mingw32/bin/../lib/gcc/nios2-elf/4.1.2/../../../../nios2-elf/lib/mno-hw-mul\libsmallc.a(lib_a-__atexit.o)
 .debug_pubnames
                0x000006fd       0x27 c:/altera/13.0sp1/nios2eds/bin/gnu/h-i686-mingw32/bin/../lib/gcc/nios2-elf/4.1.2/../../../../nios2-elf/lib/mno-hw-mul\libsmallc.a(lib_a-__call_atexit.o)
 .debug_pubnames
                0x00000724       0x1f c:/altera/13.0sp1/nios2eds/bin/gnu/h-i686-mingw32/bin/../lib/gcc/nios2-elf/4.1.2/mno-hw-mul\libgcc.a(lib2-mul.o)
 .debug_pubnames
                0x00000743       0x1c ../matrix_bsp/\libhal_bsp.a(alt_exit.o)

.debug_info     0x00000000     0x9233
 *(.debug_info .gnu.linkonce.wi.*)
 .debug_info    0x00000000       0x7c ../matrix_bsp//obj/HAL/src/crt0.o
 .debug_info    0x0000007c      0x137 obj/default/source.o
 .debug_info    0x000001b3      0x685 c:/altera/13.0sp1/nios2eds/bin/gnu/h-i686-mingw32/bin/../lib/gcc/nios2-elf/4.1.2/../../../../nios2-elf/lib/mno-hw-mul\libsmallc.a(lib_a-puts.o)
 .debug_info    0x00000838       0xc2 c:/altera/13.0sp1/nios2eds/bin/gnu/h-i686-mingw32/bin/../lib/gcc/nios2-elf/4.1.2/../../../../nios2-elf/lib/mno-hw-mul\libsmallc.a(lib_a-strlen.o)
 .debug_info    0x000008fa      0x68e c:/altera/13.0sp1/nios2eds/bin/gnu/h-i686-mingw32/bin/../lib/gcc/nios2-elf/4.1.2/../../../../nios2-elf/lib/mno-hw-mul\libsmallc.a(lib_a-fvwrite_small_dev.o)
 .debug_info    0x00000f88      0x636 c:/altera/13.0sp1/nios2eds/bin/gnu/h-i686-mingw32/bin/../lib/gcc/nios2-elf/4.1.2/../../../../nios2-elf/lib/mno-hw-mul\libsmallc.a(lib_a-impure.o)
 .debug_info    0x000015be      0x68c c:/altera/13.0sp1/nios2eds/bin/gnu/h-i686-mingw32/bin/../lib/gcc/nios2-elf/4.1.2/../../../../nios2-elf/lib/mno-hw-mul\libsmallc.a(lib_a-writer.o)
 .debug_info    0x00001c4a       0x8c c:/altera/13.0sp1/nios2eds/bin/gnu/h-i686-mingw32/bin/../lib/gcc/nios2-elf/4.1.2/../../../../nios2-elf/lib/mno-hw-mul\libsmallc.a(lib_a-int_errno.o)
 .debug_info    0x00001cd6      0x28e ../matrix_bsp/\libhal_bsp.a(alt_load.o)
 .debug_info    0x00001f64      0x226 ../matrix_bsp/\libhal_bsp.a(alt_main.o)
 .debug_info    0x0000218a      0x694 ../matrix_bsp/\libhal_bsp.a(alt_write.o)
 .debug_info    0x0000281e      0x5c4 ../matrix_bsp/\libhal_bsp.a(alt_sys_init.o)
 .debug_info    0x00002de2      0x5ba ../matrix_bsp/\libhal_bsp.a(altera_avalon_jtag_uart_fd.o)
 .debug_info    0x0000339c      0x30a ../matrix_bsp/\libhal_bsp.a(altera_avalon_jtag_uart_read.o)
 .debug_info    0x000036a6      0x2e7 ../matrix_bsp/\libhal_bsp.a(altera_avalon_jtag_uart_write.o)
 .debug_info    0x0000398d      0x38c ../matrix_bsp/\libhal_bsp.a(altera_avalon_timer_sc.o)
 .debug_info    0x00003d19      0x468 ../matrix_bsp/\libhal_bsp.a(alt_close.o)
 .debug_info    0x00004181      0x15d ../matrix_bsp/\libhal_bsp.a(alt_dcache_flush_all.o)
 .debug_info    0x000042de      0x680 ../matrix_bsp/\libhal_bsp.a(alt_dev.o)
 .debug_info    0x0000495e      0x2b8 ../matrix_bsp/\libhal_bsp.a(alt_dev_llist_insert.o)
 .debug_info    0x00004c16      0x110 ../matrix_bsp/\libhal_bsp.a(alt_do_ctors.o)
 .debug_info    0x00004d26      0x10f ../matrix_bsp/\libhal_bsp.a(alt_do_dtors.o)
 .debug_info    0x00004e35      0x165 ../matrix_bsp/\libhal_bsp.a(alt_errno.o)
 .debug_info    0x00004f9a      0x15d ../matrix_bsp/\libhal_bsp.a(alt_icache_flush_all.o)
 .debug_info    0x000050f7      0x494 ../matrix_bsp/\libhal_bsp.a(alt_iic.o)
 .debug_info    0x0000558b      0x315 ../matrix_bsp/\libhal_bsp.a(alt_iic_isr_register.o)
 .debug_info    0x000058a0      0x696 ../matrix_bsp/\libhal_bsp.a(alt_io_redirect.o)
 .debug_info    0x00005f36       0x85 ../matrix_bsp/\libhal_bsp.a(alt_irq_entry.o)
 .debug_info    0x00005fbb      0x276 ../matrix_bsp/\libhal_bsp.a(alt_irq_handler.o)
 .debug_info    0x00006231      0x168 ../matrix_bsp/\libhal_bsp.a(alt_irq_vars.o)
 .debug_info    0x00006399      0x526 ../matrix_bsp/\libhal_bsp.a(alt_open.o)
 .debug_info    0x000068bf      0x3f3 ../matrix_bsp/\libhal_bsp.a(alt_release_fd.o)
 .debug_info    0x00006cb2      0x3ff ../matrix_bsp/\libhal_bsp.a(alt_tick.o)
 .debug_info    0x000070b1      0x164 ../matrix_bsp/\libhal_bsp.a(altera_nios2_qsys_irq.o)
 .debug_info    0x00007215       0x8b ../matrix_bsp/\libhal_bsp.a(alt_exception_entry.o)
 .debug_info    0x000072a0      0x419 ../matrix_bsp/\libhal_bsp.a(alt_find_dev.o)
 .debug_info    0x000076b9      0x420 ../matrix_bsp/\libhal_bsp.a(alt_find_file.o)
 .debug_info    0x00007ad9      0x461 ../matrix_bsp/\libhal_bsp.a(alt_get_fd.o)
 .debug_info    0x00007f3a      0x186 c:/altera/13.0sp1/nios2eds/bin/gnu/h-i686-mingw32/bin/../lib/gcc/nios2-elf/4.1.2/../../../../nios2-elf/lib/mno-hw-mul\libsmallc.a(lib_a-atexit.o)
 .debug_info    0x000080c0       0x9f c:/altera/13.0sp1/nios2eds/bin/gnu/h-i686-mingw32/bin/../lib/gcc/nios2-elf/4.1.2/../../../../nios2-elf/lib/mno-hw-mul\libsmallc.a(lib_a-exit.o)
 .debug_info    0x0000815f       0xef c:/altera/13.0sp1/nios2eds/bin/gnu/h-i686-mingw32/bin/../lib/gcc/nios2-elf/4.1.2/../../../../nios2-elf/lib/mno-hw-mul\libsmallc.a(lib_a-memcmp.o)
 .debug_info    0x0000824e      0x68f c:/altera/13.0sp1/nios2eds/bin/gnu/h-i686-mingw32/bin/../lib/gcc/nios2-elf/4.1.2/../../../../nios2-elf/lib/mno-hw-mul\libsmallc.a(lib_a-__atexit.o)
 .debug_info    0x000088dd      0x6d5 c:/altera/13.0sp1/nios2eds/bin/gnu/h-i686-mingw32/bin/../lib/gcc/nios2-elf/4.1.2/../../../../nios2-elf/lib/mno-hw-mul\libsmallc.a(lib_a-__call_atexit.o)
 .debug_info    0x00008fb2       0xf3 c:/altera/13.0sp1/nios2eds/bin/gnu/h-i686-mingw32/bin/../lib/gcc/nios2-elf/4.1.2/mno-hw-mul\libgcc.a(lib2-mul.o)
 .debug_info    0x000090a5      0x18e ../matrix_bsp/\libhal_bsp.a(alt_exit.o)

.debug_abbrev   0x00000000     0x22b2
 *(.debug_abbrev)
 .debug_abbrev  0x00000000       0x12 ../matrix_bsp//obj/HAL/src/crt0.o
 .debug_abbrev  0x00000012       0x41 obj/default/source.o
 .debug_abbrev  0x00000053      0x180 c:/altera/13.0sp1/nios2eds/bin/gnu/h-i686-mingw32/bin/../lib/gcc/nios2-elf/4.1.2/../../../../nios2-elf/lib/mno-hw-mul\libsmallc.a(lib_a-puts.o)
 .debug_abbrev  0x000001d3       0x7a c:/altera/13.0sp1/nios2eds/bin/gnu/h-i686-mingw32/bin/../lib/gcc/nios2-elf/4.1.2/../../../../nios2-elf/lib/mno-hw-mul\libsmallc.a(lib_a-strlen.o)
 .debug_abbrev  0x0000024d      0x179 c:/altera/13.0sp1/nios2eds/bin/gnu/h-i686-mingw32/bin/../lib/gcc/nios2-elf/4.1.2/../../../../nios2-elf/lib/mno-hw-mul\libsmallc.a(lib_a-fvwrite_small_dev.o)
 .debug_abbrev  0x000003c6      0x13f c:/altera/13.0sp1/nios2eds/bin/gnu/h-i686-mingw32/bin/../lib/gcc/nios2-elf/4.1.2/../../../../nios2-elf/lib/mno-hw-mul\libsmallc.a(lib_a-impure.o)
 .debug_abbrev  0x00000505      0x16c c:/altera/13.0sp1/nios2eds/bin/gnu/h-i686-mingw32/bin/../lib/gcc/nios2-elf/4.1.2/../../../../nios2-elf/lib/mno-hw-mul\libsmallc.a(lib_a-writer.o)
 .debug_abbrev  0x00000671       0x3b c:/altera/13.0sp1/nios2eds/bin/gnu/h-i686-mingw32/bin/../lib/gcc/nios2-elf/4.1.2/../../../../nios2-elf/lib/mno-hw-mul\libsmallc.a(lib_a-int_errno.o)
 .debug_abbrev  0x000006ac       0x88 ../matrix_bsp/\libhal_bsp.a(alt_load.o)
 .debug_abbrev  0x00000734       0xb7 ../matrix_bsp/\libhal_bsp.a(alt_main.o)
 .debug_abbrev  0x000007eb      0x100 ../matrix_bsp/\libhal_bsp.a(alt_write.o)
 .debug_abbrev  0x000008eb      0x121 ../matrix_bsp/\libhal_bsp.a(alt_sys_init.o)
 .debug_abbrev  0x00000a0c       0xcb ../matrix_bsp/\libhal_bsp.a(altera_avalon_jtag_uart_fd.o)
 .debug_abbrev  0x00000ad7       0xb6 ../matrix_bsp/\libhal_bsp.a(altera_avalon_jtag_uart_read.o)
 .debug_abbrev  0x00000b8d       0xb4 ../matrix_bsp/\libhal_bsp.a(altera_avalon_jtag_uart_write.o)
 .debug_abbrev  0x00000c41      0x137 ../matrix_bsp/\libhal_bsp.a(altera_avalon_timer_sc.o)
 .debug_abbrev  0x00000d78       0xfb ../matrix_bsp/\libhal_bsp.a(alt_close.o)
 .debug_abbrev  0x00000e73       0x3f ../matrix_bsp/\libhal_bsp.a(alt_dcache_flush_all.o)
 .debug_abbrev  0x00000eb2       0xc7 ../matrix_bsp/\libhal_bsp.a(alt_dev.o)
 .debug_abbrev  0x00000f79       0xf6 ../matrix_bsp/\libhal_bsp.a(alt_dev_llist_insert.o)
 .debug_abbrev  0x0000106f       0x76 ../matrix_bsp/\libhal_bsp.a(alt_do_ctors.o)
 .debug_abbrev  0x000010e5       0x76 ../matrix_bsp/\libhal_bsp.a(alt_do_dtors.o)
 .debug_abbrev  0x0000115b       0x5e ../matrix_bsp/\libhal_bsp.a(alt_errno.o)
 .debug_abbrev  0x000011b9       0x3f ../matrix_bsp/\libhal_bsp.a(alt_icache_flush_all.o)
 .debug_abbrev  0x000011f8      0x134 ../matrix_bsp/\libhal_bsp.a(alt_iic.o)
 .debug_abbrev  0x0000132c      0x14e ../matrix_bsp/\libhal_bsp.a(alt_iic_isr_register.o)
 .debug_abbrev  0x0000147a       0xf0 ../matrix_bsp/\libhal_bsp.a(alt_io_redirect.o)
 .debug_abbrev  0x0000156a       0x12 ../matrix_bsp/\libhal_bsp.a(alt_irq_entry.o)
 .debug_abbrev  0x0000157c      0x10c ../matrix_bsp/\libhal_bsp.a(alt_irq_handler.o)
 .debug_abbrev  0x00001688       0x44 ../matrix_bsp/\libhal_bsp.a(alt_irq_vars.o)
 .debug_abbrev  0x000016cc      0x112 ../matrix_bsp/\libhal_bsp.a(alt_open.o)
 .debug_abbrev  0x000017de       0xc1 ../matrix_bsp/\libhal_bsp.a(alt_release_fd.o)
 .debug_abbrev  0x0000189f      0x150 ../matrix_bsp/\libhal_bsp.a(alt_tick.o)
 .debug_abbrev  0x000019ef       0x3f ../matrix_bsp/\libhal_bsp.a(altera_nios2_qsys_irq.o)
 .debug_abbrev  0x00001a2e       0x12 ../matrix_bsp/\libhal_bsp.a(alt_exception_entry.o)
 .debug_abbrev  0x00001a40       0xcf ../matrix_bsp/\libhal_bsp.a(alt_find_dev.o)
 .debug_abbrev  0x00001b0f       0xcf ../matrix_bsp/\libhal_bsp.a(alt_find_file.o)
 .debug_abbrev  0x00001bde       0xfb ../matrix_bsp/\libhal_bsp.a(alt_get_fd.o)
 .debug_abbrev  0x00001cd9       0xc6 c:/altera/13.0sp1/nios2eds/bin/gnu/h-i686-mingw32/bin/../lib/gcc/nios2-elf/4.1.2/../../../../nios2-elf/lib/mno-hw-mul\libsmallc.a(lib_a-atexit.o)
 .debug_abbrev  0x00001d9f       0x4e c:/altera/13.0sp1/nios2eds/bin/gnu/h-i686-mingw32/bin/../lib/gcc/nios2-elf/4.1.2/../../../../nios2-elf/lib/mno-hw-mul\libsmallc.a(lib_a-exit.o)
 .debug_abbrev  0x00001ded       0x7c c:/altera/13.0sp1/nios2eds/bin/gnu/h-i686-mingw32/bin/../lib/gcc/nios2-elf/4.1.2/../../../../nios2-elf/lib/mno-hw-mul\libsmallc.a(lib_a-memcmp.o)
 .debug_abbrev  0x00001e69      0x196 c:/altera/13.0sp1/nios2eds/bin/gnu/h-i686-mingw32/bin/../lib/gcc/nios2-elf/4.1.2/../../../../nios2-elf/lib/mno-hw-mul\libsmallc.a(lib_a-__atexit.o)
 .debug_abbrev  0x00001fff      0x1c6 c:/altera/13.0sp1/nios2eds/bin/gnu/h-i686-mingw32/bin/../lib/gcc/nios2-elf/4.1.2/../../../../nios2-elf/lib/mno-hw-mul\libsmallc.a(lib_a-__call_atexit.o)
 .debug_abbrev  0x000021c5       0x7b c:/altera/13.0sp1/nios2eds/bin/gnu/h-i686-mingw32/bin/../lib/gcc/nios2-elf/4.1.2/mno-hw-mul\libgcc.a(lib2-mul.o)
 .debug_abbrev  0x00002240       0x72 ../matrix_bsp/\libhal_bsp.a(alt_exit.o)

.debug_line     0x00000000     0x5f5d
 *(.debug_line)
 .debug_line    0x00000000       0x66 ../matrix_bsp//obj/HAL/src/crt0.o
 .debug_line    0x00000066      0x1eb obj/default/source.o
 .debug_line    0x00000251      0x2b2 c:/altera/13.0sp1/nios2eds/bin/gnu/h-i686-mingw32/bin/../lib/gcc/nios2-elf/4.1.2/../../../../nios2-elf/lib/mno-hw-mul\libsmallc.a(lib_a-puts.o)
 .debug_line    0x00000503      0x250 c:/altera/13.0sp1/nios2eds/bin/gnu/h-i686-mingw32/bin/../lib/gcc/nios2-elf/4.1.2/../../../../nios2-elf/lib/mno-hw-mul\libsmallc.a(lib_a-strlen.o)
 .debug_line    0x00000753      0x2a9 c:/altera/13.0sp1/nios2eds/bin/gnu/h-i686-mingw32/bin/../lib/gcc/nios2-elf/4.1.2/../../../../nios2-elf/lib/mno-hw-mul\libsmallc.a(lib_a-fvwrite_small_dev.o)
 .debug_line    0x000009fc      0x230 c:/altera/13.0sp1/nios2eds/bin/gnu/h-i686-mingw32/bin/../lib/gcc/nios2-elf/4.1.2/../../../../nios2-elf/lib/mno-hw-mul\libsmallc.a(lib_a-impure.o)
 .debug_line    0x00000c2c      0x29d c:/altera/13.0sp1/nios2eds/bin/gnu/h-i686-mingw32/bin/../lib/gcc/nios2-elf/4.1.2/../../../../nios2-elf/lib/mno-hw-mul\libsmallc.a(lib_a-writer.o)
 .debug_line    0x00000ec9      0x1e2 c:/altera/13.0sp1/nios2eds/bin/gnu/h-i686-mingw32/bin/../lib/gcc/nios2-elf/4.1.2/../../../../nios2-elf/lib/mno-hw-mul\libsmallc.a(lib_a-int_errno.o)
 .debug_line    0x000010ab      0x217 ../matrix_bsp/\libhal_bsp.a(alt_load.o)
 .debug_line    0x000012c2      0x2ca ../matrix_bsp/\libhal_bsp.a(alt_main.o)
 .debug_line    0x0000158c      0x2c9 ../matrix_bsp/\libhal_bsp.a(alt_write.o)
 .debug_line    0x00001855      0x2c7 ../matrix_bsp/\libhal_bsp.a(alt_sys_init.o)
 .debug_line    0x00001b1c      0x1d7 ../matrix_bsp/\libhal_bsp.a(altera_avalon_jtag_uart_fd.o)
 .debug_line    0x00001cf3      0x343 ../matrix_bsp/\libhal_bsp.a(altera_avalon_jtag_uart_read.o)
 .debug_line    0x00002036      0x304 ../matrix_bsp/\libhal_bsp.a(altera_avalon_jtag_uart_write.o)
 .debug_line    0x0000233a      0x2b3 ../matrix_bsp/\libhal_bsp.a(altera_avalon_timer_sc.o)
 .debug_line    0x000025ed      0x299 ../matrix_bsp/\libhal_bsp.a(alt_close.o)
 .debug_line    0x00002886      0x1b5 ../matrix_bsp/\libhal_bsp.a(alt_dcache_flush_all.o)
 .debug_line    0x00002a3b      0x254 ../matrix_bsp/\libhal_bsp.a(alt_dev.o)
 .debug_line    0x00002c8f      0x25a ../matrix_bsp/\libhal_bsp.a(alt_dev_llist_insert.o)
 .debug_line    0x00002ee9       0x83 ../matrix_bsp/\libhal_bsp.a(alt_do_ctors.o)
 .debug_line    0x00002f6c       0x83 ../matrix_bsp/\libhal_bsp.a(alt_do_dtors.o)
 .debug_line    0x00002fef      0x1aa ../matrix_bsp/\libhal_bsp.a(alt_errno.o)
 .debug_line    0x00003199      0x1b5 ../matrix_bsp/\libhal_bsp.a(alt_icache_flush_all.o)
 .debug_line    0x0000334e      0x2c8 ../matrix_bsp/\libhal_bsp.a(alt_iic.o)
 .debug_line    0x00003616      0x249 ../matrix_bsp/\libhal_bsp.a(alt_iic_isr_register.o)
 .debug_line    0x0000385f      0x2b4 ../matrix_bsp/\libhal_bsp.a(alt_io_redirect.o)
 .debug_line    0x00003b13       0x6b ../matrix_bsp/\libhal_bsp.a(alt_irq_entry.o)
 .debug_line    0x00003b7e      0x248 ../matrix_bsp/\libhal_bsp.a(alt_irq_handler.o)
 .debug_line    0x00003dc6       0x72 ../matrix_bsp/\libhal_bsp.a(alt_irq_vars.o)
 .debug_line    0x00003e38      0x2ff ../matrix_bsp/\libhal_bsp.a(alt_open.o)
 .debug_line    0x00004137       0xed ../matrix_bsp/\libhal_bsp.a(alt_release_fd.o)
 .debug_line    0x00004224      0x2dc ../matrix_bsp/\libhal_bsp.a(alt_tick.o)
 .debug_line    0x00004500      0x1ce ../matrix_bsp/\libhal_bsp.a(altera_nios2_qsys_irq.o)
 .debug_line    0x000046ce       0xab ../matrix_bsp/\libhal_bsp.a(alt_exception_entry.o)
 .debug_line    0x00004779      0x26b ../matrix_bsp/\libhal_bsp.a(alt_find_dev.o)
 .debug_line    0x000049e4      0x27c ../matrix_bsp/\libhal_bsp.a(alt_find_file.o)
 .debug_line    0x00004c60      0x297 ../matrix_bsp/\libhal_bsp.a(alt_get_fd.o)
 .debug_line    0x00004ef7      0x203 c:/altera/13.0sp1/nios2eds/bin/gnu/h-i686-mingw32/bin/../lib/gcc/nios2-elf/4.1.2/../../../../nios2-elf/lib/mno-hw-mul\libsmallc.a(lib_a-atexit.o)
 .debug_line    0x000050fa      0x223 c:/altera/13.0sp1/nios2eds/bin/gnu/h-i686-mingw32/bin/../lib/gcc/nios2-elf/4.1.2/../../../../nios2-elf/lib/mno-hw-mul\libsmallc.a(lib_a-exit.o)
 .debug_line    0x0000531d      0x270 c:/altera/13.0sp1/nios2eds/bin/gnu/h-i686-mingw32/bin/../lib/gcc/nios2-elf/4.1.2/../../../../nios2-elf/lib/mno-hw-mul\libsmallc.a(lib_a-memcmp.o)
 .debug_line    0x0000558d      0x350 c:/altera/13.0sp1/nios2eds/bin/gnu/h-i686-mingw32/bin/../lib/gcc/nios2-elf/4.1.2/../../../../nios2-elf/lib/mno-hw-mul\libsmallc.a(lib_a-__atexit.o)
 .debug_line    0x000058dd      0x360 c:/altera/13.0sp1/nios2eds/bin/gnu/h-i686-mingw32/bin/../lib/gcc/nios2-elf/4.1.2/../../../../nios2-elf/lib/mno-hw-mul\libsmallc.a(lib_a-__call_atexit.o)
 .debug_line    0x00005c3d      0x11a c:/altera/13.0sp1/nios2eds/bin/gnu/h-i686-mingw32/bin/../lib/gcc/nios2-elf/4.1.2/mno-hw-mul\libgcc.a(lib2-mul.o)
 .debug_line    0x00005d57      0x206 ../matrix_bsp/\libhal_bsp.a(alt_exit.o)

.debug_frame    0x00000000      0x864
 *(.debug_frame)
 .debug_frame   0x00000000       0x2c obj/default/source.o
 .debug_frame   0x0000002c       0x3c c:/altera/13.0sp1/nios2eds/bin/gnu/h-i686-mingw32/bin/../lib/gcc/nios2-elf/4.1.2/../../../../nios2-elf/lib/mno-hw-mul\libsmallc.a(lib_a-puts.o)
 .debug_frame   0x00000068       0x20 c:/altera/13.0sp1/nios2eds/bin/gnu/h-i686-mingw32/bin/../lib/gcc/nios2-elf/4.1.2/../../../../nios2-elf/lib/mno-hw-mul\libsmallc.a(lib_a-strlen.o)
 .debug_frame   0x00000088       0x30 c:/altera/13.0sp1/nios2eds/bin/gnu/h-i686-mingw32/bin/../lib/gcc/nios2-elf/4.1.2/../../../../nios2-elf/lib/mno-hw-mul\libsmallc.a(lib_a-fvwrite_small_dev.o)
 .debug_frame   0x000000b8       0x2c c:/altera/13.0sp1/nios2eds/bin/gnu/h-i686-mingw32/bin/../lib/gcc/nios2-elf/4.1.2/../../../../nios2-elf/lib/mno-hw-mul\libsmallc.a(lib_a-writer.o)
 .debug_frame   0x000000e4       0x48 ../matrix_bsp/\libhal_bsp.a(alt_load.o)
 .debug_frame   0x0000012c       0x2c ../matrix_bsp/\libhal_bsp.a(alt_main.o)
 .debug_frame   0x00000158       0x48 ../matrix_bsp/\libhal_bsp.a(alt_write.o)
 .debug_frame   0x000001a0       0x64 ../matrix_bsp/\libhal_bsp.a(alt_sys_init.o)
 .debug_frame   0x00000204       0x48 ../matrix_bsp/\libhal_bsp.a(altera_avalon_jtag_uart_fd.o)
 .debug_frame   0x0000024c       0x2c ../matrix_bsp/\libhal_bsp.a(altera_avalon_jtag_uart_read.o)
 .debug_frame   0x00000278       0x2c ../matrix_bsp/\libhal_bsp.a(altera_avalon_jtag_uart_write.o)
 .debug_frame   0x000002a4       0x48 ../matrix_bsp/\libhal_bsp.a(altera_avalon_timer_sc.o)
 .debug_frame   0x000002ec       0x48 ../matrix_bsp/\libhal_bsp.a(alt_close.o)
 .debug_frame   0x00000334       0x2c ../matrix_bsp/\libhal_bsp.a(alt_dcache_flush_all.o)
 .debug_frame   0x00000360       0x2c ../matrix_bsp/\libhal_bsp.a(alt_dev.o)
 .debug_frame   0x0000038c       0x48 ../matrix_bsp/\libhal_bsp.a(alt_dev_llist_insert.o)
 .debug_frame   0x000003d4       0x2c ../matrix_bsp/\libhal_bsp.a(alt_do_ctors.o)
 .debug_frame   0x00000400       0x2c ../matrix_bsp/\libhal_bsp.a(alt_do_dtors.o)
 .debug_frame   0x0000042c       0x2c ../matrix_bsp/\libhal_bsp.a(alt_icache_flush_all.o)
 .debug_frame   0x00000458       0x80 ../matrix_bsp/\libhal_bsp.a(alt_iic.o)
 .debug_frame   0x000004d8       0x2c ../matrix_bsp/\libhal_bsp.a(alt_iic_isr_register.o)
 .debug_frame   0x00000504       0x4c ../matrix_bsp/\libhal_bsp.a(alt_io_redirect.o)
 .debug_frame   0x00000550       0x2c ../matrix_bsp/\libhal_bsp.a(alt_irq_handler.o)
 .debug_frame   0x0000057c       0x68 ../matrix_bsp/\libhal_bsp.a(alt_open.o)
 .debug_frame   0x000005e4       0x30 ../matrix_bsp/\libhal_bsp.a(alt_release_fd.o)
 .debug_frame   0x00000614       0x48 ../matrix_bsp/\libhal_bsp.a(alt_tick.o)
 .debug_frame   0x0000065c       0x2c ../matrix_bsp/\libhal_bsp.a(altera_nios2_qsys_irq.o)
 .debug_frame   0x00000688       0x2c ../matrix_bsp/\libhal_bsp.a(alt_find_dev.o)
 .debug_frame   0x000006b4       0x2c ../matrix_bsp/\libhal_bsp.a(alt_find_file.o)
 .debug_frame   0x000006e0       0x30 ../matrix_bsp/\libhal_bsp.a(alt_get_fd.o)
 .debug_frame   0x00000710       0x20 c:/altera/13.0sp1/nios2eds/bin/gnu/h-i686-mingw32/bin/../lib/gcc/nios2-elf/4.1.2/../../../../nios2-elf/lib/mno-hw-mul\libsmallc.a(lib_a-atexit.o)
 .debug_frame   0x00000730       0x2c c:/altera/13.0sp1/nios2eds/bin/gnu/h-i686-mingw32/bin/../lib/gcc/nios2-elf/4.1.2/../../../../nios2-elf/lib/mno-hw-mul\libsmallc.a(lib_a-exit.o)
 .debug_frame   0x0000075c       0x20 c:/altera/13.0sp1/nios2eds/bin/gnu/h-i686-mingw32/bin/../lib/gcc/nios2-elf/4.1.2/../../../../nios2-elf/lib/mno-hw-mul\libsmallc.a(lib_a-memcmp.o)
 .debug_frame   0x0000077c       0x34 c:/altera/13.0sp1/nios2eds/bin/gnu/h-i686-mingw32/bin/../lib/gcc/nios2-elf/4.1.2/../../../../nios2-elf/lib/mno-hw-mul\libsmallc.a(lib_a-__atexit.o)
 .debug_frame   0x000007b0       0x4c c:/altera/13.0sp1/nios2eds/bin/gnu/h-i686-mingw32/bin/../lib/gcc/nios2-elf/4.1.2/../../../../nios2-elf/lib/mno-hw-mul\libsmallc.a(lib_a-__call_atexit.o)
 .debug_frame   0x000007fc       0x20 c:/altera/13.0sp1/nios2eds/bin/gnu/h-i686-mingw32/bin/../lib/gcc/nios2-elf/4.1.2/mno-hw-mul\libgcc.a(lib2-mul.o)
 .debug_frame   0x0000081c       0x48 ../matrix_bsp/\libhal_bsp.a(alt_exit.o)

.debug_str      0x00000000      0xbab
 *(.debug_str)
 .debug_str     0x00000000       0x12 obj/default/source.o
 .debug_str     0x00000012      0x3f1 c:/altera/13.0sp1/nios2eds/bin/gnu/h-i686-mingw32/bin/../lib/gcc/nios2-elf/4.1.2/../../../../nios2-elf/lib/mno-hw-mul\libsmallc.a(lib_a-puts.o)
                                0x450 (size before relaxing)
 .debug_str     0x00000403       0xe2 c:/altera/13.0sp1/nios2eds/bin/gnu/h-i686-mingw32/bin/../lib/gcc/nios2-elf/4.1.2/../../../../nios2-elf/lib/mno-hw-mul\libsmallc.a(lib_a-strlen.o)
                                0x184 (size before relaxing)
 .debug_str     0x000004e5       0x70 c:/altera/13.0sp1/nios2eds/bin/gnu/h-i686-mingw32/bin/../lib/gcc/nios2-elf/4.1.2/../../../../nios2-elf/lib/mno-hw-mul\libsmallc.a(lib_a-fvwrite_small_dev.o)
                                0x46a (size before relaxing)
 .debug_str     0x00000555       0xf8 c:/altera/13.0sp1/nios2eds/bin/gnu/h-i686-mingw32/bin/../lib/gcc/nios2-elf/4.1.2/../../../../nios2-elf/lib/mno-hw-mul\libsmallc.a(lib_a-impure.o)
                                0x45d (size before relaxing)
 .debug_str     0x0000064d       0x4f c:/altera/13.0sp1/nios2eds/bin/gnu/h-i686-mingw32/bin/../lib/gcc/nios2-elf/4.1.2/../../../../nios2-elf/lib/mno-hw-mul\libsmallc.a(lib_a-writer.o)
                                0x451 (size before relaxing)
 .debug_str     0x0000069c       0x40 c:/altera/13.0sp1/nios2eds/bin/gnu/h-i686-mingw32/bin/../lib/gcc/nios2-elf/4.1.2/../../../../nios2-elf/lib/mno-hw-mul\libsmallc.a(lib_a-int_errno.o)
                                0x177 (size before relaxing)
 .debug_str     0x000006dc       0x12 ../matrix_bsp/\libhal_bsp.a(alt_load.o)
 .debug_str     0x000006ee       0x12 ../matrix_bsp/\libhal_bsp.a(alt_main.o)
 .debug_str     0x00000700       0x12 ../matrix_bsp/\libhal_bsp.a(alt_write.o)
 .debug_str     0x00000712       0x12 ../matrix_bsp/\libhal_bsp.a(alt_sys_init.o)
 .debug_str     0x00000724       0x12 ../matrix_bsp/\libhal_bsp.a(altera_avalon_jtag_uart_read.o)
 .debug_str     0x00000736       0x12 ../matrix_bsp/\libhal_bsp.a(altera_avalon_jtag_uart_write.o)
 .debug_str     0x00000748       0x12 ../matrix_bsp/\libhal_bsp.a(altera_avalon_timer_sc.o)
 .debug_str     0x0000075a       0x12 ../matrix_bsp/\libhal_bsp.a(alt_close.o)
 .debug_str     0x0000076c       0x12 ../matrix_bsp/\libhal_bsp.a(alt_dcache_flush_all.o)
 .debug_str     0x0000077e       0x12 ../matrix_bsp/\libhal_bsp.a(alt_dev.o)
 .debug_str     0x00000790       0x12 ../matrix_bsp/\libhal_bsp.a(alt_dev_llist_insert.o)
 .debug_str     0x000007a2       0x12 ../matrix_bsp/\libhal_bsp.a(alt_errno.o)
 .debug_str     0x000007b4       0x12 ../matrix_bsp/\libhal_bsp.a(alt_icache_flush_all.o)
 .debug_str     0x000007c6       0x18 ../matrix_bsp/\libhal_bsp.a(alt_iic.o)
 .debug_str     0x000007de       0x1a ../matrix_bsp/\libhal_bsp.a(alt_iic_isr_register.o)
 .debug_str     0x000007f8       0x12 ../matrix_bsp/\libhal_bsp.a(alt_io_redirect.o)
 .debug_str     0x0000080a       0x12 ../matrix_bsp/\libhal_bsp.a(alt_irq_handler.o)
 .debug_str     0x0000081c       0x12 ../matrix_bsp/\libhal_bsp.a(alt_open.o)
 .debug_str     0x0000082e       0x1a ../matrix_bsp/\libhal_bsp.a(alt_tick.o)
 .debug_str     0x00000848       0x12 ../matrix_bsp/\libhal_bsp.a(altera_nios2_qsys_irq.o)
 .debug_str     0x0000085a       0x12 ../matrix_bsp/\libhal_bsp.a(alt_find_dev.o)
 .debug_str     0x0000086c       0x12 ../matrix_bsp/\libhal_bsp.a(alt_find_file.o)
 .debug_str     0x0000087e       0x12 ../matrix_bsp/\libhal_bsp.a(alt_get_fd.o)
 .debug_str     0x00000890       0xdb c:/altera/13.0sp1/nios2eds/bin/gnu/h-i686-mingw32/bin/../lib/gcc/nios2-elf/4.1.2/../../../../nios2-elf/lib/mno-hw-mul\libsmallc.a(lib_a-atexit.o)
                                0x1e5 (size before relaxing)
 .debug_str     0x0000096b       0x41 c:/altera/13.0sp1/nios2eds/bin/gnu/h-i686-mingw32/bin/../lib/gcc/nios2-elf/4.1.2/../../../../nios2-elf/lib/mno-hw-mul\libsmallc.a(lib_a-exit.o)
                                0x178 (size before relaxing)
 .debug_str     0x000009ac       0x45 c:/altera/13.0sp1/nios2eds/bin/gnu/h-i686-mingw32/bin/../lib/gcc/nios2-elf/4.1.2/../../../../nios2-elf/lib/mno-hw-mul\libsmallc.a(lib_a-memcmp.o)
                                0x17e (size before relaxing)
 .debug_str     0x000009f1       0x54 c:/altera/13.0sp1/nios2eds/bin/gnu/h-i686-mingw32/bin/../lib/gcc/nios2-elf/4.1.2/../../../../nios2-elf/lib/mno-hw-mul\libsmallc.a(lib_a-__atexit.o)
                                0x467 (size before relaxing)
 .debug_str     0x00000a45       0x7e c:/altera/13.0sp1/nios2eds/bin/gnu/h-i686-mingw32/bin/../lib/gcc/nios2-elf/4.1.2/../../../../nios2-elf/lib/mno-hw-mul\libsmallc.a(lib_a-__call_atexit.o)
                                0x491 (size before relaxing)
 .debug_str     0x00000ac3       0xcc c:/altera/13.0sp1/nios2eds/bin/gnu/h-i686-mingw32/bin/../lib/gcc/nios2-elf/4.1.2/mno-hw-mul\libgcc.a(lib2-mul.o)
                                0x175 (size before relaxing)
 .debug_str     0x00000b8f       0x1c ../matrix_bsp/\libhal_bsp.a(alt_exit.o)

.debug_loc      0x00000000      0xe39
 *(.debug_loc)
 .debug_loc     0x00000000       0x2b obj/default/source.o
 .debug_loc     0x0000002b       0xa2 c:/altera/13.0sp1/nios2eds/bin/gnu/h-i686-mingw32/bin/../lib/gcc/nios2-elf/4.1.2/../../../../nios2-elf/lib/mno-hw-mul\libsmallc.a(lib_a-puts.o)
 .debug_loc     0x000000cd       0x1e c:/altera/13.0sp1/nios2eds/bin/gnu/h-i686-mingw32/bin/../lib/gcc/nios2-elf/4.1.2/../../../../nios2-elf/lib/mno-hw-mul\libsmallc.a(lib_a-strlen.o)
 .debug_loc     0x000000eb      0x162 c:/altera/13.0sp1/nios2eds/bin/gnu/h-i686-mingw32/bin/../lib/gcc/nios2-elf/4.1.2/../../../../nios2-elf/lib/mno-hw-mul\libsmallc.a(lib_a-fvwrite_small_dev.o)
 .debug_loc     0x0000024d       0x97 c:/altera/13.0sp1/nios2eds/bin/gnu/h-i686-mingw32/bin/../lib/gcc/nios2-elf/4.1.2/../../../../nios2-elf/lib/mno-hw-mul\libsmallc.a(lib_a-writer.o)
 .debug_loc     0x000002e4       0x56 ../matrix_bsp/\libhal_bsp.a(alt_load.o)
 .debug_loc     0x0000033a       0x2b ../matrix_bsp/\libhal_bsp.a(alt_main.o)
 .debug_loc     0x00000365       0x56 ../matrix_bsp/\libhal_bsp.a(alt_write.o)
 .debug_loc     0x000003bb       0x81 ../matrix_bsp/\libhal_bsp.a(alt_sys_init.o)
 .debug_loc     0x0000043c       0x56 ../matrix_bsp/\libhal_bsp.a(altera_avalon_jtag_uart_fd.o)
 .debug_loc     0x00000492       0x2b ../matrix_bsp/\libhal_bsp.a(altera_avalon_jtag_uart_read.o)
 .debug_loc     0x000004bd       0x2b ../matrix_bsp/\libhal_bsp.a(altera_avalon_jtag_uart_write.o)
 .debug_loc     0x000004e8       0x56 ../matrix_bsp/\libhal_bsp.a(altera_avalon_timer_sc.o)
 .debug_loc     0x0000053e       0x56 ../matrix_bsp/\libhal_bsp.a(alt_close.o)
 .debug_loc     0x00000594       0x2b ../matrix_bsp/\libhal_bsp.a(alt_dcache_flush_all.o)
 .debug_loc     0x000005bf       0x2b ../matrix_bsp/\libhal_bsp.a(alt_dev.o)
 .debug_loc     0x000005ea       0x56 ../matrix_bsp/\libhal_bsp.a(alt_dev_llist_insert.o)
 .debug_loc     0x00000640       0x2b ../matrix_bsp/\libhal_bsp.a(alt_do_ctors.o)
 .debug_loc     0x0000066b       0x2b ../matrix_bsp/\libhal_bsp.a(alt_do_dtors.o)
 .debug_loc     0x00000696       0x2b ../matrix_bsp/\libhal_bsp.a(alt_icache_flush_all.o)
 .debug_loc     0x000006c1       0xac ../matrix_bsp/\libhal_bsp.a(alt_iic.o)
 .debug_loc     0x0000076d       0x2b ../matrix_bsp/\libhal_bsp.a(alt_iic_isr_register.o)
 .debug_loc     0x00000798       0x56 ../matrix_bsp/\libhal_bsp.a(alt_io_redirect.o)
 .debug_loc     0x000007ee       0x2b ../matrix_bsp/\libhal_bsp.a(alt_irq_handler.o)
 .debug_loc     0x00000819       0x81 ../matrix_bsp/\libhal_bsp.a(alt_open.o)
 .debug_loc     0x0000089a       0x2b ../matrix_bsp/\libhal_bsp.a(alt_release_fd.o)
 .debug_loc     0x000008c5       0x56 ../matrix_bsp/\libhal_bsp.a(alt_tick.o)
 .debug_loc     0x0000091b       0x2b ../matrix_bsp/\libhal_bsp.a(altera_nios2_qsys_irq.o)
 .debug_loc     0x00000946       0x2b ../matrix_bsp/\libhal_bsp.a(alt_find_dev.o)
 .debug_loc     0x00000971       0x2b ../matrix_bsp/\libhal_bsp.a(alt_find_file.o)
 .debug_loc     0x0000099c       0x2b ../matrix_bsp/\libhal_bsp.a(alt_get_fd.o)
 .debug_loc     0x000009c7       0x1e c:/altera/13.0sp1/nios2eds/bin/gnu/h-i686-mingw32/bin/../lib/gcc/nios2-elf/4.1.2/../../../../nios2-elf/lib/mno-hw-mul\libsmallc.a(lib_a-atexit.o)
 .debug_loc     0x000009e5       0x3d c:/altera/13.0sp1/nios2eds/bin/gnu/h-i686-mingw32/bin/../lib/gcc/nios2-elf/4.1.2/../../../../nios2-elf/lib/mno-hw-mul\libsmallc.a(lib_a-exit.o)
 .debug_loc     0x00000a22       0x70 c:/altera/13.0sp1/nios2eds/bin/gnu/h-i686-mingw32/bin/../lib/gcc/nios2-elf/4.1.2/../../../../nios2-elf/lib/mno-hw-mul\libsmallc.a(lib_a-memcmp.o)
 .debug_loc     0x00000a92      0x141 c:/altera/13.0sp1/nios2eds/bin/gnu/h-i686-mingw32/bin/../lib/gcc/nios2-elf/4.1.2/../../../../nios2-elf/lib/mno-hw-mul\libsmallc.a(lib_a-__atexit.o)
 .debug_loc     0x00000bd3      0x1c1 c:/altera/13.0sp1/nios2eds/bin/gnu/h-i686-mingw32/bin/../lib/gcc/nios2-elf/4.1.2/../../../../nios2-elf/lib/mno-hw-mul\libsmallc.a(lib_a-__call_atexit.o)
 .debug_loc     0x00000d94       0x4f c:/altera/13.0sp1/nios2eds/bin/gnu/h-i686-mingw32/bin/../lib/gcc/nios2-elf/4.1.2/mno-hw-mul\libgcc.a(lib2-mul.o)
 .debug_loc     0x00000de3       0x56 ../matrix_bsp/\libhal_bsp.a(alt_exit.o)

.debug_macinfo
 *(.debug_macinfo)

.debug_weaknames
 *(.debug_weaknames)

.debug_funcnames
 *(.debug_funcnames)

.debug_typenames
 *(.debug_typenames)

.debug_varnames
 *(.debug_varnames)

.debug_alt_sim_info
                0x00000000       0x10
 *(.debug_alt_sim_info)
 .debug_alt_sim_info
                0x00000000       0x10 ../matrix_bsp//obj/HAL/src/crt0.o
                0x00010000                __alt_data_end = 0x10000
                0x00010000                PROVIDE (__alt_stack_pointer, __alt_data_end)
                0x0000a664                PROVIDE (__alt_stack_limit, __alt_stack_base)
                0x0000a664                PROVIDE (__alt_heap_start, end)
                0x00010000                PROVIDE (__alt_heap_limit, 0x10000)
OUTPUT(matrix.elf elf32-littlenios2)

.debug_ranges   0x00000000       0x90
 .debug_ranges  0x00000000       0x20 ../matrix_bsp//obj/HAL/src/crt0.o
 .debug_ranges  0x00000020       0x28 ../matrix_bsp/\libhal_bsp.a(alt_irq_entry.o)
 .debug_ranges  0x00000048       0x30 ../matrix_bsp/\libhal_bsp.a(alt_exception_entry.o)
 .debug_ranges  0x00000078       0x18 c:/altera/13.0sp1/nios2eds/bin/gnu/h-i686-mingw32/bin/../lib/gcc/nios2-elf/4.1.2/../../../../nios2-elf/lib/mno-hw-mul\libsmallc.a(lib_a-__call_atexit.o)
